nohup: ignoring input
==============================================================================
  보스봇 baseline 벤치마크  |  시나리오 10개 × 30판
  가중치: 기본 (trained_weights.json)
  보스 epsilon: 0.0 (deterministic, 학습 비활성)
==============================================================================
  [easy] 진행 중...
    → 승률 16.7% (top-2 46.7%)  평균순위 2.67  2.2s
  [medium] 진행 중...
    → 승률 16.7% (top-2 63.3%)  평균순위 2.27  1.9s
  [claude_mix] 진행 중...
    → 승률 3.3% (top-2 16.7%)  평균순위 3.93  3.4s
  [claude_4bot] 진행 중...
    → 승률 13.3% (top-2 23.3%)  평균순위 3.00  3.0s
  [claude2_4bot] 진행 중...
    → 승률 10.0% (top-2 26.7%)  평균순위 3.13  3.0s
  [boss_mode_solo] 진행 중...
    → 승률 13.3% (top-2 100.0%)  평균순위 1.87  2.1s
  [boss_mode_trio] 진행 중...
    → 승률 6.7% (top-2 26.7%)  평균순위 3.00  3.0s
  [sample_mix] 진행 중...
    → 승률 13.3% (top-2 56.7%)  평균순위 2.50  2.5s
  [counter_mix] 진행 중...
    → 승률 0.0% (top-2 6.7%)  평균순위 4.10  3.3s
  [counter_only] 진행 중...
    → 승률 86.7% (top-2 100.0%)  평균순위 1.13  1.0s

============================================================================================
  시나리오              봇수   판수       승률  (rand)   Top-2      평균순위      평균점수     평균킬     시간(s)
--------------------------------------------------------------------------------------------
  easy               5   30    16.7%     20%   46.7%      2.67     254.6    0.00       2.2
  medium             5   30    16.7%     20%   63.3%      2.27     287.5    0.00       1.9
  claude_mix         5   30     3.3%     20%   16.7%      3.93     333.9    0.03       3.4
  claude_4bot        4   30    13.3%     25%   23.3%      3.00     328.3    0.03       3.0
  claude2_4bot       4   30    10.0%     25%   26.7%      3.13     343.6    0.07       3.0
  boss_mode_solo     2   30    13.3%     50%  100.0%      1.87     426.8    0.10       2.1
  boss_mode_trio     4   30     6.7%     25%   26.7%      3.00     341.4    0.00       3.0
  sample_mix         5   30    13.3%     20%   56.7%      2.50     366.0    0.00       2.5
  counter_mix        5   30     0.0%     20%    6.7%      4.10     251.7    0.03       3.3
  counter_only       5   30    86.7%     20%  100.0%      1.13     301.4    0.03       1.0
============================================================================================

  [easy            ] (봇5) 1위:  5(  17%) 2위:  9(  30%) 3위:  8(  27%) 4위:  7(  23%) 5위:  1(   3%)
  [medium          ] (봇5) 1위:  5(  17%) 2위: 14(  47%) 3위:  9(  30%) 4위:  2(   7%) 5위:  0(   0%)
  [claude_mix      ] (봇5) 1위:  1(   3%) 2위:  4(  13%) 3위:  6(  20%) 4위:  4(  13%) 5위: 15(  50%)
  [claude_4bot     ] (봇4) 1위:  4(  13%) 2위:  3(  10%) 3위: 12(  40%) 4위: 11(  37%)
  [claude2_4bot    ] (봇4) 1위:  3(  10%) 2위:  5(  17%) 3위:  7(  23%) 4위: 15(  50%)
  [boss_mode_solo  ] (봇2) 1위:  4(  13%) 2위: 26(  87%)
  [boss_mode_trio  ] (봇4) 1위:  2(   7%) 2위:  6(  20%) 3위: 12(  40%) 4위: 10(  33%)
  [sample_mix      ] (봇5) 1위:  4(  13%) 2위: 13(  43%) 3위:  8(  27%) 4위:  4(  13%) 5위:  1(   3%)
  [counter_mix     ] (봇5) 1위:  0(   0%) 2위:  2(   7%) 3위:  5(  17%) 4위: 11(  37%) 5위: 12(  40%)
  [counter_only    ] (봇5) 1위: 26(  87%) 2위:  4(  13%) 3위:  0(   0%) 4위:  0(   0%) 5위:  0(   0%)

