==============================================================================
  보스봇 baseline 벤치마크  |  시나리오 10개 × 30판
  가중치: 기본 (trained_weights.json)
  보스 epsilon: 0.0 (deterministic, 학습 비활성)
==============================================================================
  [easy] 진행 중...
    → 승률 3.3% (top-2 43.3%)  평균순위 2.80  1.9s
  [medium] 진행 중...
    → 승률 13.3% (top-2 50.0%)  평균순위 2.50  1.6s
  [claude_mix] 진행 중...
    → 승률 0.0% (top-2 0.0%)  평균순위 4.57  3.2s
  [claude_4bot] 진행 중...
    → 승률 0.0% (top-2 6.7%)  평균순위 3.50  2.8s
  [claude2_4bot] 진행 중...
    → 승률 0.0% (top-2 6.7%)  평균순위 3.63  2.7s
  [boss_mode_solo] 진행 중...
    → 승률 6.7% (top-2 100.0%)  평균순위 1.93  1.5s
  [boss_mode_trio] 진행 중...
    → 승률 3.3% (top-2 6.7%)  평균순위 3.53  2.7s
  [sample_mix] 진행 중...
    → 승률 0.0% (top-2 46.7%)  평균순위 2.70  2.3s
  [counter_mix] 진행 중...
    → 승률 0.0% (top-2 0.0%)  평균순위 4.47  3.2s
  [counter_only] 진행 중...
    → 승률 80.0% (top-2 96.7%)  평균순위 1.23  1.1s

============================================================================================
  시나리오              봇수   판수       승률  (rand)   Top-2      평균순위      평균점수     평균킬     시간(s)
--------------------------------------------------------------------------------------------
  easy               5   30     3.3%     20%   43.3%      2.80     191.8    0.03       1.9
  medium             5   30    13.3%     20%   50.0%      2.50     185.3    0.00       1.6
  claude_mix         5   30     0.0%     20%    0.0%      4.57     179.8    0.00       3.2
  claude_4bot        4   30     0.0%     25%    6.7%      3.50     198.2    0.00       2.8
  claude2_4bot       4   30     0.0%     25%    6.7%      3.63     156.4    0.00       2.7
  boss_mode_solo     2   30     6.7%     50%  100.0%      1.93     196.9    0.00       1.5
  boss_mode_trio     4   30     3.3%     25%    6.7%      3.53     181.1    0.03       2.7
  sample_mix         5   30     0.0%     20%   46.7%      2.70     261.6    0.03       2.3
  counter_mix        5   30     0.0%     20%    0.0%      4.47     185.0    0.00       3.2
  counter_only       5   30    80.0%     20%   96.7%      1.23     238.8    0.00       1.1
============================================================================================

  [easy            ] (봇5) 1위:  1(   3%) 2위: 12(  40%) 3위: 11(  37%) 4위:  4(  13%) 5위:  2(   7%)
  [medium          ] (봇5) 1위:  4(  13%) 2위: 11(  37%) 3위: 12(  40%) 4위:  2(   7%) 5위:  1(   3%)
  [claude_mix      ] (봇5) 1위:  0(   0%) 2위:  0(   0%) 3위:  3(  10%) 4위:  7(  23%) 5위: 20(  67%)
  [claude_4bot     ] (봇4) 1위:  0(   0%) 2위:  2(   7%) 3위: 11(  37%) 4위: 17(  57%)
  [claude2_4bot    ] (봇4) 1위:  0(   0%) 2위:  2(   7%) 3위:  7(  23%) 4위: 21(  70%)
  [boss_mode_solo  ] (봇2) 1위:  2(   7%) 2위: 28(  93%)
  [boss_mode_trio  ] (봇4) 1위:  1(   3%) 2위:  1(   3%) 3위:  9(  30%) 4위: 19(  63%)
  [sample_mix      ] (봇5) 1위:  0(   0%) 2위: 14(  47%) 3위: 12(  40%) 4위:  3(  10%) 5위:  1(   3%)
  [counter_mix     ] (봇5) 1위:  0(   0%) 2위:  0(   0%) 3위:  4(  13%) 4위:  8(  27%) 5위: 18(  60%)
  [counter_only    ] (봇5) 1위: 24(  80%) 2위:  5(  17%) 3위:  1(   3%) 4위:  0(   0%) 5위:  0(   0%)

