======================================================================
======================================================================
  [ep    1/300] rank=3/5  score=  424.8  surv=348  eps=0.050  step=240936  buf=10000  reason=max_ticks  (   0.6s)
  [ep    2/300] rank=3/5  score=  331.2  surv=262  eps=0.050  step=241200  buf=10000  reason=last_standing  (   1.2s)
  [ep    3/300] rank=3/5  score=  177.1  surv= 71  eps=0.050  step=241273  buf=10000  reason=last_standing  (   1.4s)
  [ep    4/300] rank=3/5  score=  145.1  surv=201  eps=0.050  step=241476  buf=10000  reason=last_standing  (   3.9s)
  [ep    5/300] rank=2/5  score=  265.5  surv=255  eps=0.050  step=241733  buf=10000  reason=last_standing  (   4.3s)
  [ep    6/300] rank=3/5  score=  242.8  surv=228  eps=0.050  step=241963  buf=10000  reason=last_standing  (   4.5s)
  [ep    7/300] rank=1/5  score=  810.0  surv=400  eps=0.050  step=242364  buf=10000  reason=max_ticks  (   4.9s)
  [ep    8/300] rank=2/5  score=  820.0  surv=400  eps=0.050  step=242765  buf=10000  reason=max_ticks  (   5.4s)
  [ep    9/300] rank=3/5  score=  105.7  surv=157  eps=0.050  step=242924  buf=10000  reason=last_standing  (   7.4s)
  [ep   10/300] rank=1/5  score= 1060.0  surv=400  eps=0.050  step=243325  buf=10000  reason=max_ticks  (   7.9s)
  [ep   11/300] rank=2/5  score=  142.8  surv=178  eps=0.050  step=243505  buf=10000  reason=last_standing  (   8.1s)
  [ep   12/300] rank=2/5  score=  620.0  surv=400  eps=0.050  step=243906  buf=10000  reason=max_ticks  (   8.6s)
  [ep   13/300] rank=3/5  score=  215.9  surv=259  eps=0.050  step=244167  buf=10000  reason=last_standing  (   8.9s)
  [ep   14/300] rank=2/5  score=  530.0  surv=400  eps=0.050  step=244568  buf=10000  reason=max_ticks  (  11.1s)
  [ep   15/300] rank=3/5  score=  267.5  surv=275  eps=0.050  step=244845  buf=10000  reason=max_ticks  (  11.4s)
  [ep   16/300] rank=2/5  score=  386.4  surv=314  eps=0.050  step=245161  buf=10000  reason=last_standing  (  11.8s)
  [ep   17/300] rank=3/5  score=  605.0  surv=400  eps=0.050  step=245562  buf=10000  reason=max_ticks  (  12.2s)
  [ep   18/300] rank=4/5  score=  260.8  surv=283  eps=0.050  step=245847  buf=10000  reason=max_ticks  (  12.5s)
  [ep   19/300] rank=4/5  score=  245.4  surv=104  eps=0.050  step=245953  buf=10000  reason=max_ticks  (  14.5s)
  [ep   20/300] rank=3/5  score=  285.5  surv=305  eps=0.050  step=246260  buf=10000  reason=last_standing  (  14.9s)
  [ep   21/300] rank=2/5  score=  190.1  surv=251  eps=0.050  step=246513  buf=10000  reason=last_standing  (  15.1s)
  [ep   22/300] rank=1/5  score=  619.0  surv=140  eps=0.050  step=246655  buf=10000  reason=last_standing  (  15.3s)
  [ep   23/300] rank=1/5  score=  925.0  surv=400  eps=0.050  step=247056  buf=10000  reason=max_ticks  (  15.7s)
  [ep   24/300] rank=4/5  score=   88.6  surv=186  eps=0.050  step=247244  buf=10000  reason=last_standing  (  18.1s)
  [ep   25/300] rank=1/5  score=  720.0  surv=400  eps=0.050  step=247645  buf=10000  reason=max_ticks  (  18.6s)
  [ep   26/300] rank=3/5  score=  244.9  surv=299  eps=0.050  step=247946  buf=10000  reason=max_ticks  (  19.0s)
  [ep   27/300] rank=3/5  score=  204.7  surv=247  eps=0.050  step=248195  buf=10000  reason=last_standing  (  19.3s)
  [ep   28/300] rank=3/5  score=  203.0  surv=230  eps=0.050  step=248427  buf=10000  reason=last_standing  (  19.7s)
  [ep   29/300] rank=2/5  score=  367.4  surv=324  eps=0.050  step=248753  buf=10000  reason=last_standing  (  21.8s)
  [ep   30/300] rank=3/5  score=  290.7  surv=307  eps=0.050  step=249062  buf=10000  reason=max_ticks  (  22.2s)
  [ep   31/300] rank=2/5  score=  640.0  surv=400  eps=0.050  step=249463  buf=10000  reason=max_ticks  (  22.6s)
  [ep   32/300] rank=2/5  score=  660.0  surv=400  eps=0.050  step=249864  buf=10000  reason=max_ticks  (  23.0s)
  [ep   33/300] rank=3/5  score=  273.0  surv=280  eps=0.050  step=250146  buf=10000  reason=max_ticks  (  23.3s)
  [ep   34/300] rank=3/5  score=  198.0  surv=230  eps=0.050  step=250378  buf=10000  reason=last_standing  (  25.4s)
  [ep   35/300] rank=1/5  score=  441.8  surv=268  eps=0.050  step=250647  buf=10000  reason=last_standing  (  25.7s)
  [ep   36/300] rank=3/5  score=  293.1  surv=331  eps=0.050  step=250980  buf=10000  reason=last_standing  (  26.1s)
  [ep   37/300] rank=3/5  score=  200.7  surv=257  eps=0.050  step=251239  buf=10000  reason=last_standing  (  26.4s)
  [ep   38/300] rank=2/5  score=  439.2  surv=392  eps=0.050  step=251633  buf=10000  reason=last_standing  (  26.8s)
  [ep   39/300] rank=3/5  score=  690.0  surv=400  eps=0.050  step=252034  buf=10000  reason=max_ticks  (  28.9s)
  [ep   40/300] rank=3/5  score=  322.4  surv=324  eps=0.050  step=252360  buf=10000  reason=max_ticks  (  29.3s)
  [ep   41/300] rank=3/5  score=  240.3  surv=253  eps=0.050  step=252615  buf=10000  reason=max_ticks  (  29.6s)
  [ep   42/300] rank=4/5  score=  200.5  surv=255  eps=0.050  step=252872  buf=10000  reason=last_standing  (  29.9s)
  [ep   43/300] rank=1/5  score=  665.0  surv=400  eps=0.050  step=253273  buf=10000  reason=max_ticks  (  30.3s)
  [ep   44/300] rank=3/5  score=   93.3  surv=183  eps=0.050  step=253458  buf=10000  reason=max_ticks  (  32.3s)
  [ep   45/300] rank=3/5  score=  235.2  surv=252  eps=0.050  step=253712  buf=10000  reason=last_standing  (  32.6s)
  [ep   46/300] rank=2/5  score=  243.4  surv=284  eps=0.050  step=253998  buf=10000  reason=last_standing  (  32.9s)
  [ep   47/300] rank=4/5  score=  137.5  surv= 75  eps=0.050  step=254075  buf=10000  reason=last_standing  (  33.0s)
  [ep   48/300] rank=2/5  score=  272.7  surv=277  eps=0.050  step=254354  buf=10000  reason=last_standing  (  33.3s)
  [ep   49/300] rank=3/5  score=  560.0  surv=400  eps=0.050  step=254755  buf=10000  reason=max_ticks  (  35.5s)
  [ep   50/300] rank=3/5  score=  272.7  surv=277  eps=0.050  step=255034  buf=10000  reason=last_standing  (  35.9s)
  [ep   51/300] rank=2/5  score=  340.1  surv=301  eps=0.050  step=255337  buf=10000  reason=last_standing  (  36.2s)
  [ep   52/300] rank=4/5  score=  177.0  surv=220  eps=0.050  step=255559  buf=10000  reason=max_ticks  (  36.5s)
  [ep   53/300] rank=2/5  score=  255.9  surv=259  eps=0.050  step=255820  buf=10000  reason=last_standing  (  36.8s)
  [ep   54/300] rank=4/5  score=   84.9  surv=149  eps=0.050  step=255971  buf=10000  reason=max_ticks  (  38.8s)
  [ep   55/300] rank=3/5  score=  225.6  surv=256  eps=0.050  step=256229  buf=10000  reason=last_standing  (  39.1s)
  [ep   56/300] rank=2/5  score=  323.6  surv=286  eps=0.050  step=256517  buf=10000  reason=last_standing  (  39.4s)
  [ep   57/300] rank=3/5  score=   88.0  surv= 55  eps=0.050  step=256574  buf=10000  reason=last_standing  (  39.6s)
  [ep   58/300] rank=4/5  score=   67.3  surv=173  eps=0.050  step=256749  buf=10000  reason=max_ticks  (  39.9s)
  [ep   59/300] rank=1/5  score=  690.0  surv=400  eps=0.050  step=257150  buf=10000  reason=max_ticks  (  42.1s)
  [ep   60/300] rank=3/5  score=  487.5  surv=225  eps=0.050  step=257377  buf=10000  reason=max_ticks  (  42.4s)
  [ep   61/300] rank=2/5  score=  229.3  surv=243  eps=0.050  step=257622  buf=10000  reason=last_standing  (  42.7s)
  [ep   62/300] rank=2/5  score=  271.5  surv=265  eps=0.050  step=257889  buf=10000  reason=last_standing  (  43.0s)
  [ep   63/300] rank=1/5  score=  388.3  surv=283  eps=0.050  step=258173  buf=10000  reason=last_standing  (  43.3s)
  [ep   64/300] rank=1/5  score=  496.2  surv=362  eps=0.050  step=258536  buf=10000  reason=last_standing  (  45.4s)
  [ep   65/300] rank=1/5  score=  480.0  surv=300  eps=0.050  step=258837  buf=10000  reason=last_standing  (  45.7s)
  [ep   66/300] rank=3/5  score=  383.3  surv=333  eps=0.050  step=259172  buf=10000  reason=last_standing  (  46.1s)
