2026-05-25 12:03:33,061 [INFO] train_boss_bot: DB에서 유저 봇 0개 로드
2026-05-25 12:03:33,062 [INFO] train_boss_bot: 유저 봇 0개 — 모든 상대를 콜드스타트 봇으로 구성
2026-05-25 12:03:37,734 [INFO] src.arena.gcs_weights: Weights uploaded: /home/hangloss0331/loa-main/backend/battle_royale/bots/boss/trained_weights.json → gs://knu-2026-boss-weights/boss_weights.pt
2026-05-25 12:03:42,997 [INFO] src.arena.gcs_weights: Weights uploaded: /home/hangloss0331/loa-main/backend/battle_royale/bots/boss/trained_weights.json → gs://knu-2026-boss-weights/boss_weights.pt
2026-05-25 12:03:49,017 [INFO] src.arena.gcs_weights: Weights uploaded: /home/hangloss0331/loa-main/backend/battle_royale/bots/boss/trained_weights.json → gs://knu-2026-boss-weights/boss_weights.pt
2026-05-25 12:03:52,617 [INFO] src.arena.gcs_weights: Weights uploaded: /home/hangloss0331/loa-main/backend/battle_royale/bots/boss/trained_weights.json → gs://knu-2026-boss-weights/boss_weights.pt
2026-05-25 12:03:55,866 [INFO] src.arena.gcs_weights: Weights uploaded: /home/hangloss0331/loa-main/backend/battle_royale/bots/boss/trained_weights.json → gs://knu-2026-boss-weights/boss_weights.pt
2026-05-25 12:03:59,970 [INFO] src.arena.gcs_weights: Weights uploaded: /home/hangloss0331/loa-main/backend/battle_royale/bots/boss/trained_weights.json → gs://knu-2026-boss-weights/boss_weights.pt
2026-05-25 12:04:04,400 [INFO] src.arena.gcs_weights: Weights uploaded: /home/hangloss0331/loa-main/backend/battle_royale/bots/boss/trained_weights.json → gs://knu-2026-boss-weights/boss_weights.pt
2026-05-25 12:04:09,011 [INFO] src.arena.gcs_weights: Weights uploaded: /home/hangloss0331/loa-main/backend/battle_royale/bots/boss/trained_weights.json → gs://knu-2026-boss-weights/boss_weights.pt
2026-05-25 12:04:12,483 [INFO] src.arena.gcs_weights: Weights uploaded: /home/hangloss0331/loa-main/backend/battle_royale/bots/boss/trained_weights.json → gs://knu-2026-boss-weights/boss_weights.pt
2026-05-25 12:04:15,328 [INFO] src.arena.gcs_weights: Weights uploaded: /home/hangloss0331/loa-main/backend/battle_royale/bots/boss/trained_weights.json → gs://knu-2026-boss-weights/boss_weights.pt
2026-05-25 12:04:18,690 [INFO] src.arena.gcs_weights: Weights uploaded: /home/hangloss0331/loa-main/backend/battle_royale/bots/boss/trained_weights.json → gs://knu-2026-boss-weights/boss_weights.pt
2026-05-25 12:04:21,628 [INFO] src.arena.gcs_weights: Weights uploaded: /home/hangloss0331/loa-main/backend/battle_royale/bots/boss/trained_weights.json → gs://knu-2026-boss-weights/boss_weights.pt
2026-05-25 12:04:25,107 [INFO] src.arena.gcs_weights: Weights uploaded: /home/hangloss0331/loa-main/backend/battle_royale/bots/boss/trained_weights.json → gs://knu-2026-boss-weights/boss_weights.pt
======================================================================
  RLBossBot 오프라인 학습 시작
  에피소드: 500 | 봇/판: 5 | 유저봇: 0 | GCS: False
  시작 epsilon: 0.050 | 누적 에피소드: 346 | 누적 step: 96339
  저장 경로: /home/hangloss0331/loa-main/backend/battle_royale/bots/boss/trained_weights.json
======================================================================
  [ep    1/500] rank=3/5  score=  559.5  surv=295  eps=0.050  step= 96339  buf=  296  reason=max_ticks  (   0.4s)
  [ep    2/500] rank=3/5  score=  224.9  surv=199  eps=0.050  step= 96339  buf=  496  reason=last_standing  (   0.8s)
  [ep    3/500] rank=2/5  score=  140.4  surv=154  eps=0.050  step= 96492  buf=  651  reason=last_standing  (   1.1s)
  [ep    4/500] rank=2/5  score=  446.4  surv=314  eps=0.050  step= 96808  buf=  966  reason=last_standing  (   4.6s)
  [ep    5/500] rank=3/5  score=  243.9  surv=239  eps=0.050  step= 97049  buf= 1206  reason=last_standing  (   5.1s)
  [ep    6/500] rank=2/5  score=  477.0  surv=320  eps=0.050  step= 97370  buf= 1526  reason=last_standing  (   5.5s)
  [ep    7/500] rank=2/5  score=  268.0  surv=230  eps=0.050  step= 97602  buf= 1757  reason=last_standing  (   6.3s)
  [ep    8/500] rank=3/5  score=  428.2  surv=332  eps=0.050  step= 97936  buf= 2090  reason=last_standing  (   7.4s)
  [ep    9/500] rank=1/5  score=  670.7  surv=382  eps=0.050  step= 98319  buf= 2472  reason=last_standing  (   9.9s)
  [ep   10/500] rank=2/5  score=  669.5  surv=345  eps=0.050  step= 98665  buf= 2817  reason=last_standing  (  11.0s)
  [ep   11/500] rank=2/5  score=  665.0  surv=400  eps=0.050  step= 99066  buf= 3217  reason=max_ticks  (  12.6s)
  [ep   12/500] rank=3/5  score=  149.3  surv=193  eps=0.050  step= 99261  buf= 3411  reason=last_standing  (  13.3s)
  [ep   13/500] rank=3/5  score=  282.4  surv=274  eps=0.050  step= 99537  buf= 3686  reason=last_standing  (  13.8s)
  [ep   14/500] rank=2/5  score=  231.3  surv=213  eps=0.050  step= 99752  buf= 3900  reason=last_standing  (  15.9s)
  [ep   15/500] rank=2/5  score=  232.3  surv=223  eps=0.050  step= 99977  buf= 4124  reason=last_standing  (  16.3s)
  [ep   16/500] rank=2/5  score=  650.0  surv=400  eps=0.050  step=100378  buf= 4524  reason=max_ticks  (  16.9s)
  [ep   17/500] rank=5/5  score=  130.4  surv=104  eps=0.050  step=100484  buf= 4629  reason=max_ticks  (  17.2s)
  [ep   18/500] rank=3/5  score=  193.3  surv= 33  eps=0.050  step=100519  buf= 4663  reason=last_standing  (  17.5s)
  [ep   19/500] rank=4/5  score=  144.7  surv=197  eps=0.050  step=100718  buf= 4861  reason=max_ticks  (  19.5s)
  [ep   20/500] rank=2/5  score=  740.0  surv=400  eps=0.050  step=101119  buf= 5261  reason=max_ticks  (  20.2s)
  [ep   21/500] rank=2/5  score=  305.9  surv=259  eps=0.050  step=101380  buf= 5521  reason=last_standing  (  20.6s)
  [ep   22/500] rank=3/5  score=  505.6  surv=306  eps=0.050  step=101688  buf= 5828  reason=max_ticks  (  21.1s)
  [ep   23/500] rank=3/5  score=  339.9  surv=299  eps=0.050  step=101989  buf= 6128  reason=last_standing  (  21.5s)
  [ep   24/500] rank=2/5  score=  850.0  surv=400  eps=0.050  step=102390  buf= 6528  reason=max_ticks  (  22.8s)
  [ep   25/500] rank=3/5  score=  289.3  surv=243  eps=0.050  step=102635  buf= 6772  reason=max_ticks  (  23.2s)
  [ep   26/500] rank=3/5  score=  452.6  surv=101  eps=0.050  step=102738  buf= 6874  reason=max_ticks  (  23.5s)
  [ep   27/500] rank=3/5  score=  211.5  surv=215  eps=0.050  step=102955  buf= 7090  reason=last_standing  (  23.9s)
  [ep   28/500] rank=2/5  score=  537.4  surv=374  eps=0.050  step=103331  buf= 7465  reason=last_standing  (  24.5s)
  [ep   29/500] rank=2/5  score=  640.0  surv=400  eps=0.050  step=103732  buf= 7865  reason=max_ticks  (  26.9s)
  [ep   30/500] rank=3/5  score=  210.3  surv=203  eps=0.050  step=103937  buf= 8069  reason=max_ticks  (  27.3s)
  [ep   31/500] rank=2/5  score=  695.0  surv=400  eps=0.050  step=104338  buf= 8469  reason=max_ticks  (  28.0s)
  [ep   32/500] rank=3/5  score=  284.4  surv=144  eps=0.050  step=104484  buf= 8614  reason=last_standing  (  28.3s)
  [ep   33/500] rank=2/5  score=  740.0  surv=400  eps=0.050  step=104885  buf= 9014  reason=max_ticks  (  29.0s)
  [ep   34/500] rank=3/5  score=  301.7  surv=267  eps=0.050  step=105154  buf= 9282  reason=last_standing  (  31.3s)
  [ep   35/500] rank=3/5  score=  107.5  surv=175  eps=0.050  step=105331  buf= 9458  reason=last_standing  (  31.7s)
  [ep   36/500] rank=2/5  score=  274.1  surv=241  eps=0.050  step=105574  buf= 9700  reason=last_standing  (  32.3s)
  [ep   37/500] rank=3/5  score=  177.4  surv= 74  eps=0.050  step=105650  buf= 9775  reason=last_standing  (  32.5s)
  [ep   38/500] rank=2/5  score=  825.0  surv=400  eps=0.050  step=106051  buf=10000  reason=max_ticks  (  33.2s)
  [ep   39/500] rank=3/5  score=  212.8  surv=228  eps=0.050  step=106281  buf=10000  reason=max_ticks  (  35.9s)
  [ep   40/500] rank=3/5  score=  337.6  surv=276  eps=0.050  step=106559  buf=10000  reason=last_standing  (  36.2s)
  [ep   41/500] rank=1/5  score=  928.9  surv=389  eps=0.050  step=106949  buf=10000  reason=last_standing  (  36.6s)
  [ep   42/500] rank=4/5  score=  106.5  surv=165  eps=0.050  step=107116  buf=10000  reason=last_standing  (  36.8s)
  [ep   43/500] rank=2/5  score=  283.4  surv=234  eps=0.050  step=107352  buf=10000  reason=last_standing  (  37.1s)
  [ep   44/500] rank=2/5  score=  559.8  surv=248  eps=0.050  step=107602  buf=10000  reason=max_ticks  (  39.4s)
  [ep   45/500] rank=2/5  score=  237.6  surv=226  eps=0.050  step=107830  buf=10000  reason=last_standing  (  39.6s)
  [ep   46/500] rank=3/5  score=  165.1  surv=201  eps=0.050  step=108033  buf=10000  reason=last_standing  (  39.9s)
  [ep   47/500] rank=4/5  score=  154.7  surv= 47  eps=0.050  step=108082  buf=10000  reason=last_standing  (  40.0s)
  [ep   48/500] rank=2/5  score=  442.8  surv=328  eps=0.050  step=108412  buf=10000  reason=last_standing  (  40.3s)
  [ep   49/500] rank=5/5  score=  208.8  surv= 88  eps=0.050  step=108502  buf=10000  reason=last_standing  (  42.2s)
  [ep   50/500] rank=3/5  score=  307.9  surv=279  eps=0.050  step=108783  buf=10000  reason=max_ticks  (  42.6s)
  [ep   51/500] rank=2/5  score=  502.7  surv=377  eps=0.050  step=109162  buf=10000  reason=last_standing  (  43.0s)
  [ep   52/500] rank=4/5  score=  164.0  surv=190  eps=0.050  step=109354  buf=10000  reason=max_ticks  (  43.3s)
  [ep   53/500] rank=1/5  score=  806.6  surv=366  eps=0.050  step=109721  buf=10000  reason=last_standing  (  43.6s)
  [ep   54/500] rank=3/5  score=  147.8  surv=178  eps=0.050  step=109901  buf=10000  reason=last_standing  (  45.6s)
  [ep   55/500] rank=3/5  score=  353.6  surv=136  eps=0.050  step=110039  buf=10000  reason=last_standing  (  45.8s)
  [ep   56/500] rank=2/5  score=  760.0  surv=400  eps=0.050  step=110440  buf=10000  reason=max_ticks  (  46.2s)
  [ep   57/500] rank=4/5  score=  124.2  surv= 42  eps=0.050  step=110484  buf=10000  reason=last_standing  (  46.3s)
  [ep   58/500] rank=4/5  score=   87.4  surv=174  eps=0.050  step=110660  buf=10000  reason=max_ticks  (  46.5s)
  [ep   59/500] rank=2/5  score=  301.0  surv=260  eps=0.050  step=110922  buf=10000  reason=last_standing  (  48.5s)
  [ep   60/500] rank=3/5  score=  324.8  surv=298  eps=0.050  step=111222  buf=10000  reason=max_ticks  (  49.1s)
  [ep   61/500] rank=2/5  score=  369.5  surv=295  eps=0.050  step=111519  buf=10000  reason=last_standing  (  49.5s)
  [ep   62/500] rank=2/5  score=  316.4  surv=264  eps=0.050  step=111785  buf=10000  reason=last_standing  (  49.8s)
  [ep   63/500] rank=2/5  score=  247.0  surv=220  eps=0.050  step=112007  buf=10000  reason=last_standing  (  50.0s)
  [ep   64/500] rank=2/5  score=  224.0  surv=240  eps=0.050  step=112249  buf=10000  reason=last_standing  (  52.0s)
  [ep   65/500] rank=3/5  score=  308.6  surv=286  eps=0.050  step=112537  buf=10000  reason=last_standing  (  52.5s)
  [ep   66/500] rank=2/5  score=  432.5  surv=175  eps=0.050  step=112714  buf=10000  reason=last_standing  (  52.8s)
2026-05-25 12:04:28,750 [INFO] src.arena.gcs_weights: Weights uploaded: /home/hangloss0331/loa-main/backend/battle_royale/bots/boss/trained_weights.json → gs://knu-2026-boss-weights/boss_weights.pt
2026-05-25 12:04:32,996 [INFO] src.arena.gcs_weights: Weights uploaded: /home/hangloss0331/loa-main/backend/battle_royale/bots/boss/trained_weights.json → gs://knu-2026-boss-weights/boss_weights.pt
2026-05-25 12:04:37,218 [INFO] src.arena.gcs_weights: Weights uploaded: /home/hangloss0331/loa-main/backend/battle_royale/bots/boss/trained_weights.json → gs://knu-2026-boss-weights/boss_weights.pt
2026-05-25 12:04:41,228 [INFO] src.arena.gcs_weights: Weights uploaded: /home/hangloss0331/loa-main/backend/battle_royale/bots/boss/trained_weights.json → gs://knu-2026-boss-weights/boss_weights.pt
2026-05-25 12:04:45,625 [INFO] src.arena.gcs_weights: Weights uploaded: /home/hangloss0331/loa-main/backend/battle_royale/bots/boss/trained_weights.json → gs://knu-2026-boss-weights/boss_weights.pt
2026-05-25 12:04:49,178 [INFO] src.arena.gcs_weights: Weights uploaded: /home/hangloss0331/loa-main/backend/battle_royale/bots/boss/trained_weights.json → gs://knu-2026-boss-weights/boss_weights.pt
2026-05-25 12:04:52,398 [INFO] src.arena.gcs_weights: Weights uploaded: /home/hangloss0331/loa-main/backend/battle_royale/bots/boss/trained_weights.json → gs://knu-2026-boss-weights/boss_weights.pt
2026-05-25 12:04:55,838 [INFO] src.arena.gcs_weights: Weights uploaded: /home/hangloss0331/loa-main/backend/battle_royale/bots/boss/trained_weights.json → gs://knu-2026-boss-weights/boss_weights.pt
2026-05-25 12:04:59,422 [INFO] src.arena.gcs_weights: Weights uploaded: /home/hangloss0331/loa-main/backend/battle_royale/bots/boss/trained_weights.json → gs://knu-2026-boss-weights/boss_weights.pt
2026-05-25 12:05:03,049 [INFO] src.arena.gcs_weights: Weights uploaded: /home/hangloss0331/loa-main/backend/battle_royale/bots/boss/trained_weights.json → gs://knu-2026-boss-weights/boss_weights.pt
2026-05-25 12:05:06,285 [INFO] src.arena.gcs_weights: Weights uploaded: /home/hangloss0331/loa-main/backend/battle_royale/bots/boss/trained_weights.json → gs://knu-2026-boss-weights/boss_weights.pt
2026-05-25 12:05:08,646 [INFO] src.arena.gcs_weights: Weights uploaded: /home/hangloss0331/loa-main/backend/battle_royale/bots/boss/trained_weights.json → gs://knu-2026-boss-weights/boss_weights.pt
2026-05-25 12:05:11,978 [INFO] src.arena.gcs_weights: Weights uploaded: /home/hangloss0331/loa-main/backend/battle_royale/bots/boss/trained_weights.json → gs://knu-2026-boss-weights/boss_weights.pt
2026-05-25 12:05:14,933 [INFO] src.arena.gcs_weights: Weights uploaded: /home/hangloss0331/loa-main/backend/battle_royale/bots/boss/trained_weights.json → gs://knu-2026-boss-weights/boss_weights.pt
  [ep   67/500] rank=3/5  score=  382.1  surv=271  eps=0.050  step=112987  buf=10000  reason=last_standing  (  53.3s)
  [ep   68/500] rank=2/5  score=  369.8  surv=298  eps=0.050  step=113287  buf=10000  reason=last_standing  (  53.7s)
  [ep   69/500] rank=4/5  score=  118.7  surv=187  eps=0.050  step=113476  buf=10000  reason=last_standing  (  55.7s)
  [ep   70/500] rank=2/5  score=  274.2  surv=242  eps=0.050  step=113720  buf=10000  reason=last_standing  (  56.1s)
  [ep   71/500] rank=2/5  score=  284.3  surv=243  eps=0.050  step=113965  buf=10000  reason=last_standing  (  56.6s)
  [ep   72/500] rank=1/5  score=  690.0  surv=400  eps=0.050  step=114366  buf=10000  reason=max_ticks  (  57.3s)
  [ep   73/500] rank=2/5  score=  570.0  surv=400  eps=0.050  step=114767  buf=10000  reason=max_ticks  (  57.8s)
  [ep   74/500] rank=3/5  score=  298.1  surv=281  eps=0.050  step=115050  buf=10000  reason=last_standing  (  59.9s)
  [ep   75/500] rank=4/5  score=   91.3  surv=163  eps=0.050  step=115215  buf=10000  reason=last_standing  (  60.2s)
  [ep   76/500] rank=2/5  score=  363.8  surv=288  eps=0.050  step=115505  buf=10000  reason=last_standing  (  60.7s)
  [ep   77/500] rank=4/5  score=  129.1  surv=191  eps=0.050  step=115698  buf=10000  reason=last_standing  (  61.1s)
  [ep   78/500] rank=1/5  score=  865.0  surv=400  eps=0.050  step=116099  buf=10000  reason=max_ticks  (  61.7s)
  [ep   79/500] rank=3/5  score=  702.7  surv=377  eps=0.050  step=116478  buf=10000  reason=max_ticks  (  64.1s)
  [ep   80/500] rank=5/5  score=  131.8  surv= 68  eps=0.050  step=116548  buf=10000  reason=last_standing  (  64.5s)
  [ep   81/500] rank=1/5  score=  917.2  surv=322  eps=0.050  step=116871  buf=10000  reason=last_standing  (  65.0s)
  [ep   82/500] rank=2/5  score=  193.1  surv=231  eps=0.050  step=117104  buf=10000  reason=last_standing  (  65.4s)
  [ep   83/500] rank=3/5  score=  206.1  surv=211  eps=0.050  step=117317  buf=10000  reason=last_standing  (  65.8s)
  [ep   84/500] rank=3/5  score=  385.1  surv=351  eps=0.050  step=117670  buf=10000  reason=last_standing  (  68.1s)
  [ep   85/500] rank=1/5  score=  945.0  surv=400  eps=0.050  step=118071  buf=10000  reason=max_ticks  (  68.8s)
  [ep   86/500] rank=3/5  score=  277.2  surv=322  eps=0.050  step=118395  buf=10000  reason=max_ticks  (  69.3s)
  [ep   87/500] rank=2/5  score=  735.0  surv=400  eps=0.050  step=118796  buf=10000  reason=max_ticks  (  69.9s)
  [ep   88/500] rank=4/5  score=  381.3  surv=363  eps=0.050  step=119161  buf=10000  reason=max_ticks  (  70.4s)
  [ep   89/500] rank=2/5  score=  585.0  surv=400  eps=0.050  step=119562  buf=10000  reason=max_ticks  (  72.5s)
  [ep   90/500] rank=3/5  score=  185.4  surv=254  eps=0.050  step=119818  buf=10000  reason=max_ticks  (  72.8s)
  [ep   91/500] rank=2/5  score=  740.0  surv=400  eps=0.050  step=120219  buf=10000  reason=max_ticks  (  73.2s)
  [ep   92/500] rank=1/5  score=  892.8  surv=378  eps=0.050  step=120598  buf=10000  reason=last_standing  (  73.6s)
  [ep   93/500] rank=2/5  score=  494.1  surv=391  eps=0.050  step=120991  buf=10000  reason=last_standing  (  74.0s)
  [ep   94/500] rank=2/5  score=  373.2  surv=332  eps=0.050  step=121325  buf=10000  reason=last_standing  (  76.1s)
  [ep   95/500] rank=3/5  score=  454.0  surv=390  eps=0.050  step=121717  buf=10000  reason=max_ticks  (  76.5s)
  [ep   96/500] rank=2/5  score=  324.6  surv=296  eps=0.050  step=122015  buf=10000  reason=last_standing  (  76.8s)
  [ep   97/500] rank=3/5  score=  270.4  surv=254  eps=0.050  step=122271  buf=10000  reason=max_ticks  (  77.1s)
  [ep   98/500] rank=2/5  score=  240.0  surv=250  eps=0.050  step=122523  buf=10000  reason=last_standing  (  77.4s)
  [ep   99/500] rank=3/5  score=  356.5  surv=115  eps=0.050  step=122640  buf=10000  reason=max_ticks  (  79.3s)
  [ep  100/500] rank=4/5  score=  305.9  surv=309  eps=0.050  step=122951  buf=10000  reason=max_ticks  (  79.7s)
  [ep  101/500] rank=3/5  score=  230.1  surv=251  eps=0.050  step=123204  buf=10000  reason=max_ticks  (  80.0s)
  [ep  102/500] rank=2/5  score=  740.0  surv=400  eps=0.050  step=123605  buf=10000  reason=max_ticks  (  80.3s)
  [ep  103/500] rank=1/5  score=  625.8  surv=308  eps=0.050  step=123914  buf=10000  reason=last_standing  (  80.7s)
  [ep  104/500] rank=1/5  score=  630.0  surv=350  eps=0.050  step=124265  buf=10000  reason=last_standing  (  82.7s)
  [ep  105/500] rank=1/5  score=  643.0  surv=380  eps=0.050  step=124646  buf=10000  reason=last_standing  (  83.1s)
  [ep  106/500] rank=2/5  score=  800.0  surv=400  eps=0.050  step=125047  buf=10000  reason=max_ticks  (  83.5s)
  [ep  107/500] rank=2/5  score=  635.0  surv=400  eps=0.050  step=125448  buf=10000  reason=max_ticks  (  83.9s)
  [ep  108/500] rank=4/5  score=  317.4  surv=324  eps=0.050  step=125774  buf=10000  reason=max_ticks  (  84.3s)
  [ep  109/500] rank=3/5  score=  164.3  surv=193  eps=0.050  step=125969  buf=10000  reason=last_standing  (  86.3s)
  [ep  110/500] rank=1/5  score=  638.4  surv=284  eps=0.050  step=126254  buf=10000  reason=last_standing  (  86.7s)
  [ep  111/500] rank=2/5  score=  511.2  surv=362  eps=0.050  step=126618  buf=10000  reason=last_standing  (  87.0s)
  [ep  112/500] rank=2/5  score=  730.0  surv=400  eps=0.050  step=127019  buf=10000  reason=max_ticks  (  87.4s)
  [ep  113/500] rank=1/5  score=  815.0  surv=400  eps=0.050  step=127420  buf=10000  reason=max_ticks  (  87.9s)
  [ep  114/500] rank=1/5  score=  815.7  surv=257  eps=0.050  step=127678  buf=10000  reason=last_standing  (  90.0s)
  [ep  115/500] rank=3/5  score=  134.1  surv=191  eps=0.050  step=127871  buf=10000  reason=last_standing  (  90.2s)
  [ep  116/500] rank=2/5  score=  264.4  surv=244  eps=0.050  step=128117  buf=10000  reason=last_standing  (  90.5s)
  [ep  117/500] rank=4/5  score=  152.7  surv= 27  eps=0.050  step=128146  buf=10000  reason=last_standing  (  90.6s)
  [ep  118/500] rank=3/5  score=  580.0  surv=400  eps=0.050  step=128547  buf=10000  reason=max_ticks  (  91.0s)
  [ep  119/500] rank=2/5  score=  469.5  surv=395  eps=0.050  step=128944  buf=10000  reason=last_standing  (  93.2s)
  [ep  120/500] rank=3/5  score=  252.4  surv=274  eps=0.050  step=129220  buf=10000  reason=max_ticks  (  93.5s)
  [ep  121/500] rank=2/5  score=  830.0  surv=400  eps=0.050  step=129621  buf=10000  reason=max_ticks  (  93.9s)
  [ep  122/500] rank=3/5  score=  199.1  surv=241  eps=0.050  step=129864  buf=10000  reason=last_standing  (  94.2s)
  [ep  123/500] rank=3/5  score=  332.7  surv=327  eps=0.050  step=130193  buf=10000  reason=max_ticks  (  94.5s)
  [ep  124/500] rank=3/5  score=  141.9  surv= 19  eps=0.050  step=130214  buf=10000  reason=max_ticks  (  95.5s)
  [ep  125/500] rank=2/5  score=  384.2  surv=292  eps=0.050  step=130507  buf=10000  reason=last_standing  (  95.9s)
  [ep  126/500] rank=2/5  score=  296.5  surv=265  eps=0.050  step=130774  buf=10000  reason=last_standing  (  96.2s)
  [ep  127/500] rank=2/5  score=  213.6  surv=236  eps=0.050  step=131012  buf=10000  reason=last_standing  (  96.5s)
  [ep  128/500] rank=3/5  score=  685.0  surv=400  eps=0.050  step=131413  buf=10000  reason=max_ticks  (  96.9s)
  [ep  129/500] rank=2/5  score=  261.6  surv=266  eps=0.050  step=131681  buf=10000  reason=last_standing  (  98.9s)
  [ep  130/500] rank=4/5  score=   80.7  surv=157  eps=0.050  step=131840  buf=10000  reason=last_standing  (  99.1s)
  [ep  131/500] rank=2/5  score=  289.5  surv=195  eps=0.050  step=132037  buf=10000  reason=last_standing  (  99.3s)
  [ep  132/500] rank=4/5  score=  143.6  surv= 36  eps=0.050  step=132075  buf=10000  reason=max_ticks  (  99.5s)
  [ep  133/500] rank=2/5  score=  478.3  surv=383  eps=0.050  step=132460  buf=10000  reason=last_standing  (  99.8s)
  [ep  134/500] rank=3/5  score=  208.3  surv=233  eps=0.050  step=132695  buf=10000  reason=last_standing  ( 101.8s)
  [ep  135/500] rank=3/5  score=  393.0  surv=380  eps=0.050  step=133077  buf=10000  reason=max_ticks  ( 102.2s)
  [ep  136/500] rank=3/5  score=  367.8  surv=328  eps=0.050  step=133407  buf=10000  reason=last_standing  ( 102.6s)
2026-05-25 12:05:18,496 [INFO] src.arena.gcs_weights: Weights uploaded: /home/hangloss0331/loa-main/backend/battle_royale/bots/boss/trained_weights.json → gs://knu-2026-boss-weights/boss_weights.pt
2026-05-25 12:05:21,752 [INFO] src.arena.gcs_weights: Weights uploaded: /home/hangloss0331/loa-main/backend/battle_royale/bots/boss/trained_weights.json → gs://knu-2026-boss-weights/boss_weights.pt
2026-05-25 12:05:24,316 [INFO] src.arena.gcs_weights: Weights uploaded: /home/hangloss0331/loa-main/backend/battle_royale/bots/boss/trained_weights.json → gs://knu-2026-boss-weights/boss_weights.pt
2026-05-25 12:05:27,619 [INFO] src.arena.gcs_weights: Weights uploaded: /home/hangloss0331/loa-main/backend/battle_royale/bots/boss/trained_weights.json → gs://knu-2026-boss-weights/boss_weights.pt
2026-05-25 12:05:31,167 [INFO] src.arena.gcs_weights: Weights uploaded: /home/hangloss0331/loa-main/backend/battle_royale/bots/boss/trained_weights.json → gs://knu-2026-boss-weights/boss_weights.pt
2026-05-25 12:05:34,462 [INFO] src.arena.gcs_weights: Weights uploaded: /home/hangloss0331/loa-main/backend/battle_royale/bots/boss/trained_weights.json → gs://knu-2026-boss-weights/boss_weights.pt
2026-05-25 12:05:37,919 [INFO] src.arena.gcs_weights: Weights uploaded: /home/hangloss0331/loa-main/backend/battle_royale/bots/boss/trained_weights.json → gs://knu-2026-boss-weights/boss_weights.pt
2026-05-25 12:05:40,947 [INFO] src.arena.gcs_weights: Weights uploaded: /home/hangloss0331/loa-main/backend/battle_royale/bots/boss/trained_weights.json → gs://knu-2026-boss-weights/boss_weights.pt
2026-05-25 12:05:44,239 [INFO] src.arena.gcs_weights: Weights uploaded: /home/hangloss0331/loa-main/backend/battle_royale/bots/boss/trained_weights.json → gs://knu-2026-boss-weights/boss_weights.pt
2026-05-25 12:05:46,542 [INFO] src.arena.gcs_weights: Weights uploaded: /home/hangloss0331/loa-main/backend/battle_royale/bots/boss/trained_weights.json → gs://knu-2026-boss-weights/boss_weights.pt
2026-05-25 12:05:48,980 [INFO] src.arena.gcs_weights: Weights uploaded: /home/hangloss0331/loa-main/backend/battle_royale/bots/boss/trained_weights.json → gs://knu-2026-boss-weights/boss_weights.pt
2026-05-25 12:05:52,422 [INFO] src.arena.gcs_weights: Weights uploaded: /home/hangloss0331/loa-main/backend/battle_royale/bots/boss/trained_weights.json → gs://knu-2026-boss-weights/boss_weights.pt
2026-05-25 12:05:56,044 [INFO] src.arena.gcs_weights: Weights uploaded: /home/hangloss0331/loa-main/backend/battle_royale/bots/boss/trained_weights.json → gs://knu-2026-boss-weights/boss_weights.pt
2026-05-25 12:05:59,106 [INFO] src.arena.gcs_weights: Weights uploaded: /home/hangloss0331/loa-main/backend/battle_royale/bots/boss/trained_weights.json → gs://knu-2026-boss-weights/boss_weights.pt
  [ep  137/500] rank=1/5  score= 1120.0  surv=400  eps=0.050  step=133808  buf=10000  reason=max_ticks  ( 103.0s)
  [ep  138/500] rank=2/5  score=  730.0  surv=400  eps=0.050  step=134209  buf=10000  reason=max_ticks  ( 103.4s)
  [ep  139/500] rank=1/5  score=  347.4  surv=174  eps=0.050  step=134384  buf=10000  reason=last_standing  ( 105.4s)
  [ep  140/500] rank=4/5  score=  117.7  surv= 27  eps=0.050  step=134413  buf=10000  reason=last_standing  ( 105.5s)
  [ep  141/500] rank=2/5  score=  380.4  surv=354  eps=0.050  step=134769  buf=10000  reason=last_standing  ( 105.9s)
  [ep  142/500] rank=4/5  score=  605.0  surv=400  eps=0.050  step=135170  buf=10000  reason=max_ticks  ( 106.3s)
  [ep  143/500] rank=3/5  score=  303.6  surv=286  eps=0.050  step=135458  buf=10000  reason=last_standing  ( 106.6s)
  [ep  144/500] rank=1/5  score=  573.2  surv=332  eps=0.050  step=135791  buf=10000  reason=last_standing  ( 108.7s)
  [ep  145/500] rank=3/5  score=  279.6  surv=246  eps=0.050  step=136039  buf=10000  reason=last_standing  ( 108.9s)
  [ep  146/500] rank=4/5  score=  417.4  surv=274  eps=0.050  step=136315  buf=10000  reason=max_ticks  ( 109.3s)
  [ep  147/500] rank=4/5  score=  240.6  surv=256  eps=0.050  step=136573  buf=10000  reason=max_ticks  ( 109.6s)
  [ep  148/500] rank=1/5  score=  997.9  surv=379  eps=0.050  step=136953  buf=10000  reason=last_standing  ( 109.9s)
  [ep  149/500] rank=2/5  score=  670.0  surv=400  eps=0.050  step=137354  buf=10000  reason=max_ticks  ( 111.2s)
  [ep  150/500] rank=1/5  score=  897.7  surv=377  eps=0.050  step=137732  buf=10000  reason=last_standing  ( 111.6s)
  [ep  151/500] rank=2/5  score=  380.2  surv=352  eps=0.050  step=138086  buf=10000  reason=last_standing  ( 111.9s)
  [ep  152/500] rank=2/5  score=  298.2  surv=282  eps=0.050  step=138370  buf=10000  reason=last_standing  ( 112.2s)
  [ep  153/500] rank=2/5  score=  419.7  surv=347  eps=0.050  step=138719  buf=10000  reason=last_standing  ( 112.6s)
  [ep  154/500] rank=2/5  score=  553.4  surv=134  eps=0.050  step=138855  buf=10000  reason=last_standing  ( 114.5s)
  [ep  155/500] rank=2/5  score=  620.0  surv=400  eps=0.050  step=139256  buf=10000  reason=max_ticks  ( 114.9s)
  [ep  156/500] rank=1/5  score=  567.6  surv=376  eps=0.050  step=139633  buf=10000  reason=last_standing  ( 115.3s)
  [ep  157/500] rank=3/5  score=  238.7  surv=237  eps=0.050  step=139872  buf=10000  reason=max_ticks  ( 115.6s)
  [ep  158/500] rank=2/5  score=  468.0  surv=330  eps=0.050  step=140203  buf=10000  reason=last_standing  ( 115.9s)
  [ep  159/500] rank=2/5  score=  610.0  surv=400  eps=0.050  step=140604  buf=10000  reason=max_ticks  ( 118.1s)
  [ep  160/500] rank=4/5  score=  118.5  surv=185  eps=0.050  step=140791  buf=10000  reason=last_standing  ( 118.4s)
  [ep  161/500] rank=3/5  score=  165.6  surv=206  eps=0.050  step=140999  buf=10000  reason=last_standing  ( 118.6s)
  [ep  162/500] rank=2/5  score=  432.2  surv=372  eps=0.050  step=141373  buf=10000  reason=last_standing  ( 119.0s)
  [ep  163/500] rank=5/5  score=  120.5  surv=205  eps=0.050  step=141580  buf=10000  reason=max_ticks  ( 119.3s)
  [ep  164/500] rank=1/5  score=  759.9  surv=299  eps=0.050  step=141880  buf=10000  reason=last_standing  ( 121.4s)
  [ep  165/500] rank=3/5  score=  561.3  surv=363  eps=0.050  step=142245  buf=10000  reason=max_ticks  ( 121.8s)
  [ep  166/500] rank=3/5  score=  353.1  surv=331  eps=0.050  step=142578  buf=10000  reason=max_ticks  ( 122.1s)
  [ep  167/500] rank=2/5  score=  344.8  surv=298  eps=0.050  step=142878  buf=10000  reason=last_standing  ( 122.5s)
  [ep  168/500] rank=1/5  score=  923.0  surv=380  eps=0.050  step=143259  buf=10000  reason=last_standing  ( 122.8s)
  [ep  169/500] rank=2/5  score=  155.0  surv=200  eps=0.050  step=143461  buf=10000  reason=last_standing  ( 124.8s)
  [ep  170/500] rank=4/5  score=   97.7  surv=127  eps=0.050  step=143590  buf=10000  reason=max_ticks  ( 125.0s)
  [ep  171/500] rank=3/5  score=  108.8  surv= 88  eps=0.050  step=143680  buf=10000  reason=last_standing  ( 125.2s)
  [ep  172/500] rank=3/5  score=  401.9  surv=169  eps=0.050  step=143851  buf=10000  reason=last_standing  ( 125.4s)
  [ep  173/500] rank=3/5  score=  398.8  surv=338  eps=0.050  step=144191  buf=10000  reason=max_ticks  ( 125.7s)
  [ep  174/500] rank=3/5  score=  342.9  surv=329  eps=0.050  step=144522  buf=10000  reason=max_ticks  ( 127.8s)
  [ep  175/500] rank=2/5  score=  297.5  surv=275  eps=0.050  step=144799  buf=10000  reason=last_standing  ( 128.2s)
  [ep  176/500] rank=3/5  score=   92.6  surv=176  eps=0.050  step=144977  buf=10000  reason=last_standing  ( 128.4s)
  [ep  177/500] rank=2/5  score=  388.4  surv=284  eps=0.050  step=145262  buf=10000  reason=last_standing  ( 128.7s)
  [ep  178/500] rank=2/5  score=  499.3  surv=393  eps=0.050  step=145657  buf=10000  reason=last_standing  ( 129.0s)
  [ep  179/500] rank=3/5  score=  298.3  surv=283  eps=0.050  step=145942  buf=10000  reason=max_ticks  ( 131.1s)
  [ep  180/500] rank=2/5  score=  363.6  surv=336  eps=0.050  step=146280  buf=10000  reason=last_standing  ( 131.5s)
  [ep  181/500] rank=1/5  score=  536.5  surv=315  eps=0.050  step=146596  buf=10000  reason=last_standing  ( 131.8s)
  [ep  182/500] rank=2/5  score=  388.3  surv=183  eps=0.050  step=146781  buf=10000  reason=last_standing  ( 132.0s)
  [ep  183/500] rank=4/5  score=  151.5  surv=215  eps=0.050  step=146998  buf=10000  reason=last_standing  ( 132.3s)
  [ep  184/500] rank=2/5  score=  427.2  surv=372  eps=0.050  step=147372  buf=10000  reason=last_standing  ( 133.4s)
  [ep  185/500] rank=2/5  score=  192.4  surv=224  eps=0.050  step=147598  buf=10000  reason=last_standing  ( 133.7s)
  [ep  186/500] rank=1/5  score= 1014.0  surv=290  eps=0.050  step=147889  buf=10000  reason=last_standing  ( 134.0s)
  [ep  187/500] rank=2/5  score=  665.0  surv=400  eps=0.050  step=148290  buf=10000  reason=max_ticks  ( 134.4s)
  [ep  188/500] rank=2/5  score=  660.0  surv=400  eps=0.050  step=148691  buf=10000  reason=max_ticks  ( 134.8s)
  [ep  189/500] rank=1/5  score=  378.4  surv=184  eps=0.050  step=148876  buf=10000  reason=last_standing  ( 135.9s)
  [ep  190/500] rank=2/5  score=  365.9  surv=309  eps=0.050  step=149187  buf=10000  reason=last_standing  ( 136.2s)
  [ep  191/500] rank=2/5  score=  412.3  surv=323  eps=0.050  step=149512  buf=10000  reason=last_standing  ( 136.5s)
  [ep  192/500] rank=2/5  score=  830.0  surv=400  eps=0.050  step=149913  buf=10000  reason=max_ticks  ( 136.9s)
  [ep  193/500] rank=3/5  score=  292.5  surv=225  eps=0.050  step=150140  buf=10000  reason=last_standing  ( 137.2s)
  [ep  194/500] rank=2/5  score=  398.9  surv=339  eps=0.050  step=150481  buf=10000  reason=last_standing  ( 139.3s)
  [ep  195/500] rank=3/5  score=  327.3  surv=273  eps=0.050  step=150756  buf=10000  reason=last_standing  ( 139.7s)
  [ep  196/500] rank=1/5  score=  970.0  surv=400  eps=0.050  step=151157  buf=10000  reason=max_ticks  ( 140.1s)
  [ep  197/500] rank=1/5  score=  675.0  surv=400  eps=0.050  step=151558  buf=10000  reason=max_ticks  ( 140.5s)
  [ep  198/500] rank=3/5  score=  850.0  surv=400  eps=0.050  step=151959  buf=10000  reason=max_ticks  ( 140.9s)
  [ep  199/500] rank=2/5  score=  597.0  surv=320  eps=0.050  step=152281  buf=10000  reason=last_standing  ( 142.9s)
  [ep  200/500] rank=3/5  score=  744.4  surv=344  eps=0.050  step=152627  buf=10000  reason=max_ticks  ( 143.3s)
  [ep  201/500] rank=3/5  score=  255.7  surv=257  eps=0.050  step=152886  buf=10000  reason=max_ticks  ( 143.6s)
  [ep  202/500] rank=3/5  score=  212.7  surv= 27  eps=0.050  step=152915  buf=10000  reason=last_standing  ( 143.7s)
  [ep  203/500] rank=2/5  score=  275.8  surv=258  eps=0.050  step=153175  buf=10000  reason=last_standing  ( 144.0s)
  [ep  204/500] rank=3/5  score=  592.1  surv=171  eps=0.050  step=153348  buf=10000  reason=max_ticks  ( 146.0s)
  [ep  205/500] rank=2/5  score=  625.0  surv=400  eps=0.050  step=153749  buf=10000  reason=max_ticks  ( 146.4s)
  [ep  206/500] rank=3/5  score=  318.5  surv=285  eps=0.050  step=154036  buf=10000  reason=max_ticks  ( 146.8s)
2026-05-25 12:06:02,466 [INFO] src.arena.gcs_weights: Weights uploaded: /home/hangloss0331/loa-main/backend/battle_royale/bots/boss/trained_weights.json → gs://knu-2026-boss-weights/boss_weights.pt
2026-05-25 12:06:05,524 [INFO] src.arena.gcs_weights: Weights uploaded: /home/hangloss0331/loa-main/backend/battle_royale/bots/boss/trained_weights.json → gs://knu-2026-boss-weights/boss_weights.pt
2026-05-25 12:06:08,963 [INFO] src.arena.gcs_weights: Weights uploaded: /home/hangloss0331/loa-main/backend/battle_royale/bots/boss/trained_weights.json → gs://knu-2026-boss-weights/boss_weights.pt
2026-05-25 12:06:12,558 [INFO] src.arena.gcs_weights: Weights uploaded: /home/hangloss0331/loa-main/backend/battle_royale/bots/boss/trained_weights.json → gs://knu-2026-boss-weights/boss_weights.pt
2026-05-25 12:06:15,982 [INFO] src.arena.gcs_weights: Weights uploaded: /home/hangloss0331/loa-main/backend/battle_royale/bots/boss/trained_weights.json → gs://knu-2026-boss-weights/boss_weights.pt
2026-05-25 12:06:19,580 [INFO] src.arena.gcs_weights: Weights uploaded: /home/hangloss0331/loa-main/backend/battle_royale/bots/boss/trained_weights.json → gs://knu-2026-boss-weights/boss_weights.pt
2026-05-25 12:06:23,802 [INFO] src.arena.gcs_weights: Weights uploaded: /home/hangloss0331/loa-main/backend/battle_royale/bots/boss/trained_weights.json → gs://knu-2026-boss-weights/boss_weights.pt
2026-05-25 12:06:27,522 [INFO] src.arena.gcs_weights: Weights uploaded: /home/hangloss0331/loa-main/backend/battle_royale/bots/boss/trained_weights.json → gs://knu-2026-boss-weights/boss_weights.pt
2026-05-25 12:06:31,264 [INFO] src.arena.gcs_weights: Weights uploaded: /home/hangloss0331/loa-main/backend/battle_royale/bots/boss/trained_weights.json → gs://knu-2026-boss-weights/boss_weights.pt
2026-05-25 12:06:34,835 [INFO] src.arena.gcs_weights: Weights uploaded: /home/hangloss0331/loa-main/backend/battle_royale/bots/boss/trained_weights.json → gs://knu-2026-boss-weights/boss_weights.pt
2026-05-25 12:06:38,603 [INFO] src.arena.gcs_weights: Weights uploaded: /home/hangloss0331/loa-main/backend/battle_royale/bots/boss/trained_weights.json → gs://knu-2026-boss-weights/boss_weights.pt
2026-05-25 12:06:42,256 [INFO] src.arena.gcs_weights: Weights uploaded: /home/hangloss0331/loa-main/backend/battle_royale/bots/boss/trained_weights.json → gs://knu-2026-boss-weights/boss_weights.pt
2026-05-25 12:06:45,748 [INFO] src.arena.gcs_weights: Weights uploaded: /home/hangloss0331/loa-main/backend/battle_royale/bots/boss/trained_weights.json → gs://knu-2026-boss-weights/boss_weights.pt
2026-05-25 12:06:48,917 [INFO] src.arena.gcs_weights: Weights uploaded: /home/hangloss0331/loa-main/backend/battle_royale/bots/boss/trained_weights.json → gs://knu-2026-boss-weights/boss_weights.pt
  [ep  207/500] rank=4/5  score=  119.6  surv= 46  eps=0.050  step=154084  buf=10000  reason=last_standing  ( 146.9s)
  [ep  208/500] rank=2/5  score=  690.0  surv=400  eps=0.050  step=154485  buf=10000  reason=max_ticks  ( 147.3s)
  [ep  209/500] rank=2/5  score=  143.2  surv=182  eps=0.050  step=154669  buf=10000  reason=last_standing  ( 149.4s)
  [ep  210/500] rank=4/5  score=  266.0  surv=110  eps=0.050  step=154781  buf=10000  reason=max_ticks  ( 149.6s)
  [ep  211/500] rank=2/5  score=  475.3  surv=353  eps=0.050  step=155136  buf=10000  reason=last_standing  ( 149.9s)
  [ep  212/500] rank=3/5  score=  139.5  surv=145  eps=0.050  step=155283  buf=10000  reason=max_ticks  ( 150.2s)
  [ep  213/500] rank=1/5  score=  382.9  surv=229  eps=0.050  step=155513  buf=10000  reason=last_standing  ( 150.4s)
  [ep  214/500] rank=4/5  score=  125.8  surv=183  eps=0.050  step=155698  buf=10000  reason=last_standing  ( 152.4s)
  [ep  215/500] rank=1/5  score=  599.6  surv=346  eps=0.050  step=156045  buf=10000  reason=last_standing  ( 152.8s)
  [ep  216/500] rank=1/5  score=  415.8  surv=258  eps=0.050  step=156304  buf=10000  reason=last_standing  ( 153.1s)
  [ep  217/500] rank=3/5  score=  625.0  surv=400  eps=0.050  step=156705  buf=10000  reason=max_ticks  ( 153.6s)
  [ep  218/500] rank=3/5  score=  201.5  surv=215  eps=0.050  step=156922  buf=10000  reason=last_standing  ( 153.9s)
  [ep  219/500] rank=3/5  score=  186.1  surv=211  eps=0.050  step=157135  buf=10000  reason=last_standing  ( 155.9s)
  [ep  220/500] rank=3/5  score=  308.6  surv=286  eps=0.050  step=157423  buf=10000  reason=max_ticks  ( 156.2s)
  [ep  221/500] rank=2/5  score=  440.2  surv=352  eps=0.050  step=157777  buf=10000  reason=last_standing  ( 156.6s)
  [ep  222/500] rank=2/5  score=  363.9  surv=289  eps=0.050  step=158068  buf=10000  reason=last_standing  ( 156.8s)
  [ep  223/500] rank=1/5  score=  830.0  surv=400  eps=0.050  step=158469  buf=10000  reason=max_ticks  ( 157.3s)
  [ep  224/500] rank=1/5  score=  755.0  surv=400  eps=0.050  step=158870  buf=10000  reason=max_ticks  ( 159.5s)
  [ep  225/500] rank=2/5  score=  323.1  surv=281  eps=0.050  step=159153  buf=10000  reason=last_standing  ( 159.8s)
  [ep  226/500] rank=3/5  score=  254.8  surv=248  eps=0.050  step=159403  buf=10000  reason=max_ticks  ( 160.0s)
  [ep  227/500] rank=1/5  score=  830.0  surv=400  eps=0.050  step=159804  buf=10000  reason=max_ticks  ( 160.5s)
  [ep  228/500] rank=2/5  score=  511.4  surv=364  eps=0.050  step=160170  buf=10000  reason=last_standing  ( 160.8s)
  [ep  229/500] rank=2/5  score=  357.8  surv=278  eps=0.050  step=160450  buf=10000  reason=last_standing  ( 162.9s)
  [ep  230/500] rank=1/5  score=  668.0  surv=380  eps=0.050  step=160831  buf=10000  reason=last_standing  ( 163.3s)
  [ep  231/500] rank=2/5  score=  675.0  surv=400  eps=0.050  step=161232  buf=10000  reason=max_ticks  ( 163.7s)
  [ep  232/500] rank=3/5  score=  517.8  surv=378  eps=0.050  step=161612  buf=10000  reason=last_standing  ( 164.1s)
  [ep  233/500] rank=2/5  score=  247.9  surv=229  eps=0.050  step=161843  buf=10000  reason=last_standing  ( 164.4s)
  [ep  234/500] rank=4/5  score=  231.7  surv=217  eps=0.050  step=162062  buf=10000  reason=max_ticks  ( 166.5s)
  [ep  235/500] rank=2/5  score=  802.5  surv=400  eps=0.050  step=162463  buf=10000  reason=max_ticks  ( 166.9s)
  [ep  236/500] rank=2/5  score=  880.0  surv=400  eps=0.050  step=162864  buf=10000  reason=max_ticks  ( 167.3s)
  [ep  237/500] rank=1/5  score=  950.0  surv=400  eps=0.050  step=163265  buf=10000  reason=max_ticks  ( 167.8s)
  [ep  238/500] rank=2/5  score=  237.2  surv=222  eps=0.050  step=163489  buf=10000  reason=last_standing  ( 168.1s)
  [ep  239/500] rank=2/5  score=  770.0  surv=400  eps=0.050  step=163890  buf=10000  reason=max_ticks  ( 170.7s)
  [ep  240/500] rank=1/5  score= 1320.0  surv=400  eps=0.050  step=164291  buf=10000  reason=max_ticks  ( 171.2s)
  [ep  241/500] rank=4/5  score=  235.6  surv=256  eps=0.050  step=164549  buf=10000  reason=last_standing  ( 171.5s)
  [ep  242/500] rank=1/5  score=  745.0  surv=400  eps=0.050  step=164950  buf=10000  reason=max_ticks  ( 172.0s)
  [ep  243/500] rank=3/5  score=  145.9  surv=184  eps=0.050  step=165136  buf=10000  reason=last_standing  ( 172.2s)
  [ep  244/500] rank=1/5  score=  667.7  surv=377  eps=0.050  step=165514  buf=10000  reason=last_standing  ( 174.4s)
  [ep  245/500] rank=2/5  score=  543.5  surv=385  eps=0.050  step=165901  buf=10000  reason=last_standing  ( 174.8s)
  [ep  246/500] rank=2/5  score=  715.0  surv=400  eps=0.050  step=166302  buf=10000  reason=max_ticks  ( 175.3s)
  [ep  247/500] rank=3/5  score=  311.0  surv=310  eps=0.050  step=166614  buf=10000  reason=last_standing  ( 175.7s)
  [ep  248/500] rank=2/5  score=  680.0  surv=400  eps=0.050  step=167015  buf=10000  reason=max_ticks  ( 176.1s)
  [ep  249/500] rank=4/5  score=  163.2  surv=182  eps=0.050  step=167199  buf=10000  reason=max_ticks  ( 178.2s)
  [ep  250/500] rank=3/5  score=  251.4  surv=214  eps=0.050  step=167415  buf=10000  reason=max_ticks  ( 178.5s)
  [ep  251/500] rank=3/5  score=  148.4  surv=184  eps=0.050  step=167601  buf=10000  reason=last_standing  ( 178.7s)
  [ep  252/500] rank=3/5  score=  517.0  surv=370  eps=0.050  step=167973  buf=10000  reason=max_ticks  ( 179.2s)
  [ep  253/500] rank=2/5  score=  609.2  surv=342  eps=0.050  step=168317  buf=10000  reason=last_standing  ( 179.6s)
  [ep  254/500] rank=2/5  score=  460.8  surv=358  eps=0.050  step=168677  buf=10000  reason=last_standing  ( 181.7s)
  [ep  255/500] rank=2/5  score=  389.3  surv=293  eps=0.050  step=168972  buf=10000  reason=last_standing  ( 182.1s)
  [ep  256/500] rank=2/5  score=  432.0  surv=320  eps=0.050  step=169294  buf=10000  reason=last_standing  ( 182.5s)
  [ep  257/500] rank=1/5  score=  905.0  surv=400  eps=0.050  step=169695  buf=10000  reason=max_ticks  ( 182.9s)
  [ep  258/500] rank=2/5  score=  610.0  surv=400  eps=0.050  step=170096  buf=10000  reason=max_ticks  ( 183.3s)
  [ep  259/500] rank=1/5  score=  594.3  surv=393  eps=0.050  step=170490  buf=10000  reason=last_standing  ( 185.5s)
  [ep  260/500] rank=2/5  score=  478.3  surv=333  eps=0.050  step=170825  buf=10000  reason=last_standing  ( 185.9s)
  [ep  261/500] rank=2/5  score=  544.0  surv=390  eps=0.050  step=171217  buf=10000  reason=last_standing  ( 186.3s)
  [ep  262/500] rank=2/5  score=  284.1  surv=241  eps=0.050  step=171460  buf=10000  reason=last_standing  ( 186.6s)
  [ep  263/500] rank=4/5  score=  397.9  surv=329  eps=0.050  step=171791  buf=10000  reason=max_ticks  ( 187.0s)
  [ep  264/500] rank=2/5  score=  457.6  surv=326  eps=0.050  step=172119  buf=10000  reason=last_standing  ( 189.2s)
  [ep  265/500] rank=2/5  score=  248.6  surv=236  eps=0.050  step=172357  buf=10000  reason=last_standing  ( 189.5s)
  [ep  266/500] rank=2/5  score=  605.0  surv=400  eps=0.050  step=172758  buf=10000  reason=max_ticks  ( 190.0s)
  [ep  267/500] rank=2/5  score=  264.4  surv=244  eps=0.050  step=173004  buf=10000  reason=last_standing  ( 190.3s)
  [ep  268/500] rank=1/5  score=  685.4  surv=304  eps=0.050  step=173309  buf=10000  reason=last_standing  ( 190.7s)
  [ep  269/500] rank=3/5  score=  179.7  surv=197  eps=0.050  step=173508  buf=10000  reason=last_standing  ( 192.7s)
  [ep  270/500] rank=3/5  score=  307.7  surv=277  eps=0.050  step=173787  buf=10000  reason=last_standing  ( 193.0s)
  [ep  271/500] rank=2/5  score=  257.0  surv=220  eps=0.050  step=174009  buf=10000  reason=last_standing  ( 193.2s)
  [ep  272/500] rank=1/5  score=  815.0  surv=400  eps=0.050  step=174410  buf=10000  reason=max_ticks  ( 193.6s)
  [ep  273/500] rank=3/5  score=  183.9  surv=189  eps=0.050  step=174601  buf=10000  reason=last_standing  ( 193.8s)
  [ep  274/500] rank=1/5  score=  655.1  surv=251  eps=0.050  step=174853  buf=10000  reason=last_standing  ( 195.8s)
  [ep  275/500] rank=2/5  score=  955.0  surv=400  eps=0.050  step=175254  buf=10000  reason=max_ticks  ( 196.2s)
  [ep  276/500] rank=2/5  score=  635.0  surv=400  eps=0.050  step=175655  buf=10000  reason=max_ticks  ( 196.6s)
2026-05-25 12:06:52,395 [INFO] src.arena.gcs_weights: Weights uploaded: /home/hangloss0331/loa-main/backend/battle_royale/bots/boss/trained_weights.json → gs://knu-2026-boss-weights/boss_weights.pt
2026-05-25 12:06:55,791 [INFO] src.arena.gcs_weights: Weights uploaded: /home/hangloss0331/loa-main/backend/battle_royale/bots/boss/trained_weights.json → gs://knu-2026-boss-weights/boss_weights.pt
2026-05-25 12:06:59,546 [INFO] src.arena.gcs_weights: Weights uploaded: /home/hangloss0331/loa-main/backend/battle_royale/bots/boss/trained_weights.json → gs://knu-2026-boss-weights/boss_weights.pt
2026-05-25 12:07:02,790 [INFO] src.arena.gcs_weights: Weights uploaded: /home/hangloss0331/loa-main/backend/battle_royale/bots/boss/trained_weights.json → gs://knu-2026-boss-weights/boss_weights.pt
2026-05-25 12:07:05,441 [INFO] src.arena.gcs_weights: Weights uploaded: /home/hangloss0331/loa-main/backend/battle_royale/bots/boss/trained_weights.json → gs://knu-2026-boss-weights/boss_weights.pt
2026-05-25 12:07:08,896 [INFO] src.arena.gcs_weights: Weights uploaded: /home/hangloss0331/loa-main/backend/battle_royale/bots/boss/trained_weights.json → gs://knu-2026-boss-weights/boss_weights.pt
2026-05-25 12:07:12,279 [INFO] src.arena.gcs_weights: Weights uploaded: /home/hangloss0331/loa-main/backend/battle_royale/bots/boss/trained_weights.json → gs://knu-2026-boss-weights/boss_weights.pt
2026-05-25 12:07:15,755 [INFO] src.arena.gcs_weights: Weights uploaded: /home/hangloss0331/loa-main/backend/battle_royale/bots/boss/trained_weights.json → gs://knu-2026-boss-weights/boss_weights.pt
2026-05-25 12:07:19,271 [INFO] src.arena.gcs_weights: Weights uploaded: /home/hangloss0331/loa-main/backend/battle_royale/bots/boss/trained_weights.json → gs://knu-2026-boss-weights/boss_weights.pt
2026-05-25 12:07:22,900 [INFO] src.arena.gcs_weights: Weights uploaded: /home/hangloss0331/loa-main/backend/battle_royale/bots/boss/trained_weights.json → gs://knu-2026-boss-weights/boss_weights.pt
2026-05-25 12:07:26,429 [INFO] src.arena.gcs_weights: Weights uploaded: /home/hangloss0331/loa-main/backend/battle_royale/bots/boss/trained_weights.json → gs://knu-2026-boss-weights/boss_weights.pt
2026-05-25 12:07:30,107 [INFO] src.arena.gcs_weights: Weights uploaded: /home/hangloss0331/loa-main/backend/battle_royale/bots/boss/trained_weights.json → gs://knu-2026-boss-weights/boss_weights.pt
2026-05-25 12:07:33,728 [INFO] src.arena.gcs_weights: Weights uploaded: /home/hangloss0331/loa-main/backend/battle_royale/bots/boss/trained_weights.json → gs://knu-2026-boss-weights/boss_weights.pt
2026-05-25 12:07:36,948 [INFO] src.arena.gcs_weights: Weights uploaded: /home/hangloss0331/loa-main/backend/battle_royale/bots/boss/trained_weights.json → gs://knu-2026-boss-weights/boss_weights.pt
  [ep  277/500] rank=1/5  score=  745.0  surv=400  eps=0.050  step=176056  buf=10000  reason=max_ticks  ( 197.0s)
  [ep  278/500] rank=2/5  score=  264.9  surv=274  eps=0.050  step=176332  buf=10000  reason=last_standing  ( 197.3s)
  [ep  279/500] rank=2/5  score=  195.0  surv=200  eps=0.050  step=176534  buf=10000  reason=last_standing  ( 199.3s)
  [ep  280/500] rank=2/5  score=  605.0  surv=400  eps=0.050  step=176935  buf=10000  reason=max_ticks  ( 199.8s)
  [ep  281/500] rank=3/5  score=  112.4  surv=174  eps=0.050  step=177111  buf=10000  reason=last_standing  ( 200.0s)
  [ep  282/500] rank=2/5  score=  670.0  surv=400  eps=0.050  step=177512  buf=10000  reason=max_ticks  ( 200.4s)
  [ep  283/500] rank=2/5  score=  319.3  surv=293  eps=0.050  step=177807  buf=10000  reason=last_standing  ( 200.7s)
  [ep  284/500] rank=3/5  score=  171.8  surv=218  eps=0.050  step=178027  buf=10000  reason=last_standing  ( 202.7s)
  [ep  285/500] rank=4/5  score=  241.6  surv=266  eps=0.050  step=178295  buf=10000  reason=max_ticks  ( 203.0s)
  [ep  286/500] rank=3/5  score=  595.0  surv=400  eps=0.050  step=178696  buf=10000  reason=max_ticks  ( 203.5s)
  [ep  287/500] rank=2/5  score=  464.3  surv=343  eps=0.050  step=179041  buf=10000  reason=last_standing  ( 203.9s)
  [ep  288/500] rank=2/5  score=  483.9  surv=389  eps=0.050  step=179432  buf=10000  reason=last_standing  ( 204.3s)
  [ep  289/500] rank=2/5  score=  421.6  surv=366  eps=0.050  step=179800  buf=10000  reason=last_standing  ( 206.4s)
  [ep  290/500] rank=2/5  score=  481.4  surv=364  eps=0.050  step=180166  buf=10000  reason=last_standing  ( 206.8s)
  [ep  291/500] rank=3/5  score=  181.7  surv=117  eps=0.050  step=180285  buf=10000  reason=last_standing  ( 207.0s)
  [ep  292/500] rank=2/5  score=  755.0  surv=400  eps=0.050  step=180686  buf=10000  reason=max_ticks  ( 207.4s)
  [ep  293/500] rank=3/5  score=  340.9  surv=309  eps=0.050  step=180997  buf=10000  reason=max_ticks  ( 207.7s)
  [ep  294/500] rank=1/5  score=  291.2  surv=212  eps=0.050  step=181210  buf=10000  reason=last_standing  ( 209.7s)
  [ep  295/500] rank=2/5  score=  775.0  surv=400  eps=0.050  step=181611  buf=10000  reason=max_ticks  ( 210.1s)
  [ep  296/500] rank=4/5  score=   80.3  surv= 53  eps=0.050  step=181666  buf=10000  reason=max_ticks  ( 210.3s)
  [ep  297/500] rank=2/5  score=  760.0  surv=400  eps=0.050  step=182067  buf=10000  reason=max_ticks  ( 210.7s)
  [ep  298/500] rank=2/5  score=  383.9  surv=339  eps=0.050  step=182408  buf=10000  reason=last_standing  ( 211.1s)
  [ep  299/500] rank=3/5  score=  445.1  surv=351  eps=0.050  step=182761  buf=10000  reason=max_ticks  ( 212.3s)
  [ep  300/500] rank=2/5  score=  780.0  surv=400  eps=0.050  step=183162  buf=10000  reason=max_ticks  ( 212.7s)
  [ep  301/500] rank=3/5  score=  620.0  surv=400  eps=0.050  step=183563  buf=10000  reason=max_ticks  ( 213.2s)
  [ep  302/500] rank=2/5  score=  615.0  surv=400  eps=0.050  step=183964  buf=10000  reason=max_ticks  ( 213.5s)
  [ep  303/500] rank=3/5  score=  266.8  surv=268  eps=0.050  step=184234  buf=10000  reason=last_standing  ( 213.8s)
  [ep  304/500] rank=5/5  score=   38.3  surv=133  eps=0.050  step=184369  buf=10000  reason=last_standing  ( 215.8s)
  [ep  305/500] rank=3/5  score=  430.4  surv=379  eps=0.050  step=184750  buf=10000  reason=max_ticks  ( 216.2s)
  [ep  306/500] rank=4/5  score=  118.4  surv=184  eps=0.050  step=184936  buf=10000  reason=last_standing  ( 216.4s)
  [ep  307/500] rank=2/5  score=  343.6  surv=286  eps=0.050  step=185224  buf=10000  reason=last_standing  ( 216.8s)
  [ep  308/500] rank=2/5  score=  491.3  surv=363  eps=0.050  step=185589  buf=10000  reason=last_standing  ( 217.2s)
  [ep  309/500] rank=3/5  score=  267.6  surv=276  eps=0.050  step=185867  buf=10000  reason=last_standing  ( 219.2s)
  [ep  310/500] rank=2/5  score=  447.9  surv=379  eps=0.050  step=186248  buf=10000  reason=last_standing  ( 219.6s)
  [ep  311/500] rank=2/5  score=  930.0  surv=400  eps=0.050  step=186649  buf=10000  reason=max_ticks  ( 220.0s)
  [ep  312/500] rank=3/5  score=  277.8  surv=278  eps=0.050  step=186929  buf=10000  reason=max_ticks  ( 220.3s)
  [ep  313/500] rank=3/5  score=  330.1  surv=301  eps=0.050  step=187232  buf=10000  reason=max_ticks  ( 220.6s)
  [ep  314/500] rank=3/5  score=  308.6  surv=286  eps=0.050  step=187520  buf=10000  reason=max_ticks  ( 222.7s)
  [ep  315/500] rank=2/5  score=  220.8  surv=158  eps=0.050  step=187679  buf=10000  reason=last_standing  ( 222.8s)
  [ep  316/500] rank=2/5  score=  537.6  surv=376  eps=0.050  step=188056  buf=10000  reason=last_standing  ( 223.3s)
  [ep  317/500] rank=2/5  score=  595.0  surv=400  eps=0.050  step=188457  buf=10000  reason=max_ticks  ( 223.8s)
  [ep  318/500] rank=3/5  score=  140.0  surv=200  eps=0.050  step=188659  buf=10000  reason=max_ticks  ( 224.0s)
  [ep  319/500] rank=2/5  score=  502.1  surv=371  eps=0.050  step=189031  buf=10000  reason=last_standing  ( 226.2s)
  [ep  320/500] rank=2/5  score=  730.0  surv=400  eps=0.050  step=189432  buf=10000  reason=max_ticks  ( 226.6s)
  [ep  321/500] rank=4/5  score=  283.6  surv=286  eps=0.050  step=189720  buf=10000  reason=last_standing  ( 226.9s)
  [ep  322/500] rank=3/5  score=  300.0  surv=300  eps=0.050  step=190022  buf=10000  reason=last_standing  ( 227.3s)
  [ep  323/500] rank=3/5  score=  905.5  surv=355  eps=0.050  step=190378  buf=10000  reason=last_standing  ( 227.8s)
  [ep  324/500] rank=3/5  score=  287.5  surv=175  eps=0.050  step=190555  buf=10000  reason=max_ticks  ( 229.8s)
  [ep  325/500] rank=3/5  score=  416.0  surv=360  eps=0.050  step=190917  buf=10000  reason=max_ticks  ( 230.2s)
  [ep  326/500] rank=3/5  score=  139.2  surv=192  eps=0.050  step=191111  buf=10000  reason=last_standing  ( 230.5s)
  [ep  327/500] rank=3/5  score=  253.9  surv=139  eps=0.050  step=191252  buf=10000  reason=max_ticks  ( 230.7s)
  [ep  328/500] rank=2/5  score=  585.0  surv=400  eps=0.050  step=191653  buf=10000  reason=max_ticks  ( 231.2s)
  [ep  329/500] rank=3/5  score=  411.0  surv=360  eps=0.050  step=192015  buf=10000  reason=max_ticks  ( 233.3s)
  [ep  330/500] rank=2/5  score=  970.0  surv=400  eps=0.050  step=192416  buf=10000  reason=max_ticks  ( 233.7s)
  [ep  331/500] rank=3/5  score=  408.3  surv=333  eps=0.050  step=192751  buf=10000  reason=last_standing  ( 234.1s)
  [ep  332/500] rank=3/5  score=  860.0  surv=400  eps=0.050  step=193152  buf=10000  reason=max_ticks  ( 234.5s)
  [ep  333/500] rank=1/5  score=  873.7  surv=387  eps=0.050  step=193540  buf=10000  reason=last_standing  ( 234.9s)
  [ep  334/500] rank=2/5  score=  570.0  surv=400  eps=0.050  step=193941  buf=10000  reason=max_ticks  ( 237.0s)
  [ep  335/500] rank=3/5  score=  465.3  surv=353  eps=0.050  step=194296  buf=10000  reason=max_ticks  ( 237.4s)
  [ep  336/500] rank=3/5  score=  251.3  surv=263  eps=0.050  step=194561  buf=10000  reason=last_standing  ( 237.8s)
  [ep  337/500] rank=2/5  score=  640.0  surv=400  eps=0.050  step=194962  buf=10000  reason=max_ticks  ( 238.2s)
  [ep  338/500] rank=2/5  score=  328.3  surv=283  eps=0.050  step=195247  buf=10000  reason=last_standing  ( 238.5s)
  [ep  339/500] rank=1/5  score=  722.1  surv=221  eps=0.050  step=195469  buf=10000  reason=last_standing  ( 240.6s)
  [ep  340/500] rank=3/5  score=  181.7  surv=217  eps=0.050  step=195688  buf=10000  reason=last_standing  ( 240.9s)
  [ep  341/500] rank=2/5  score=  350.1  surv=301  eps=0.050  step=195991  buf=10000  reason=last_standing  ( 241.3s)
  [ep  342/500] rank=3/5  score=  193.0  surv= 80  eps=0.050  step=196073  buf=10000  reason=last_standing  ( 241.5s)
  [ep  343/500] rank=4/5  score=  323.3  surv=283  eps=0.050  step=196358  buf=10000  reason=last_standing  ( 241.8s)
  [ep  344/500] rank=2/5  score=  618.1  surv=231  eps=0.050  step=196591  buf=10000  reason=last_standing  ( 243.9s)
  [ep  345/500] rank=2/5  score=  625.0  surv=400  eps=0.050  step=196992  buf=10000  reason=max_ticks  ( 244.3s)
  [ep  346/500] rank=2/5  score=  382.4  surv=324  eps=0.050  step=197318  buf=10000  reason=last_standing  ( 244.7s)
2026-05-25 12:07:40,518 [INFO] src.arena.gcs_weights: Weights uploaded: /home/hangloss0331/loa-main/backend/battle_royale/bots/boss/trained_weights.json → gs://knu-2026-boss-weights/boss_weights.pt
2026-05-25 12:07:43,884 [INFO] src.arena.gcs_weights: Weights uploaded: /home/hangloss0331/loa-main/backend/battle_royale/bots/boss/trained_weights.json → gs://knu-2026-boss-weights/boss_weights.pt
2026-05-25 12:07:46,408 [INFO] src.arena.gcs_weights: Weights uploaded: /home/hangloss0331/loa-main/backend/battle_royale/bots/boss/trained_weights.json → gs://knu-2026-boss-weights/boss_weights.pt
2026-05-25 12:07:49,839 [INFO] src.arena.gcs_weights: Weights uploaded: /home/hangloss0331/loa-main/backend/battle_royale/bots/boss/trained_weights.json → gs://knu-2026-boss-weights/boss_weights.pt
2026-05-25 12:07:53,392 [INFO] src.arena.gcs_weights: Weights uploaded: /home/hangloss0331/loa-main/backend/battle_royale/bots/boss/trained_weights.json → gs://knu-2026-boss-weights/boss_weights.pt
2026-05-25 12:07:56,961 [INFO] src.arena.gcs_weights: Weights uploaded: /home/hangloss0331/loa-main/backend/battle_royale/bots/boss/trained_weights.json → gs://knu-2026-boss-weights/boss_weights.pt
2026-05-25 12:08:00,595 [INFO] src.arena.gcs_weights: Weights uploaded: /home/hangloss0331/loa-main/backend/battle_royale/bots/boss/trained_weights.json → gs://knu-2026-boss-weights/boss_weights.pt
2026-05-25 12:08:03,170 [INFO] src.arena.gcs_weights: Weights uploaded: /home/hangloss0331/loa-main/backend/battle_royale/bots/boss/trained_weights.json → gs://knu-2026-boss-weights/boss_weights.pt
2026-05-25 12:08:05,829 [INFO] src.arena.gcs_weights: Weights uploaded: /home/hangloss0331/loa-main/backend/battle_royale/bots/boss/trained_weights.json → gs://knu-2026-boss-weights/boss_weights.pt
2026-05-25 12:08:09,363 [INFO] src.arena.gcs_weights: Weights uploaded: /home/hangloss0331/loa-main/backend/battle_royale/bots/boss/trained_weights.json → gs://knu-2026-boss-weights/boss_weights.pt
2026-05-25 12:08:12,703 [INFO] src.arena.gcs_weights: Weights uploaded: /home/hangloss0331/loa-main/backend/battle_royale/bots/boss/trained_weights.json → gs://knu-2026-boss-weights/boss_weights.pt
2026-05-25 12:08:16,012 [INFO] src.arena.gcs_weights: Weights uploaded: /home/hangloss0331/loa-main/backend/battle_royale/bots/boss/trained_weights.json → gs://knu-2026-boss-weights/boss_weights.pt
2026-05-25 12:08:19,387 [INFO] src.arena.gcs_weights: Weights uploaded: /home/hangloss0331/loa-main/backend/battle_royale/bots/boss/trained_weights.json → gs://knu-2026-boss-weights/boss_weights.pt
2026-05-25 12:08:22,603 [INFO] src.arena.gcs_weights: Weights uploaded: /home/hangloss0331/loa-main/backend/battle_royale/bots/boss/trained_weights.json → gs://knu-2026-boss-weights/boss_weights.pt
  [ep  347/500] rank=1/5  score=  352.9  surv=179  eps=0.050  step=197498  buf=10000  reason=last_standing  ( 244.9s)
  [ep  348/500] rank=2/5  score=  307.4  surv=274  eps=0.050  step=197774  buf=10000  reason=last_standing  ( 245.3s)
  [ep  349/500] rank=2/5  score=  590.0  surv=400  eps=0.050  step=198175  buf=10000  reason=max_ticks  ( 247.4s)
  [ep  350/500] rank=1/5  score=  457.2  surv=272  eps=0.050  step=198448  buf=10000  reason=last_standing  ( 247.7s)
  [ep  351/500] rank=1/5  score= 1025.6  surv=356  eps=0.050  step=198805  buf=10000  reason=last_standing  ( 248.1s)
  [ep  352/500] rank=3/5  score=  179.6  surv=196  eps=0.050  step=199003  buf=10000  reason=max_ticks  ( 248.4s)
  [ep  353/500] rank=3/5  score=  368.9  surv=339  eps=0.050  step=199344  buf=10000  reason=max_ticks  ( 248.8s)
  [ep  354/500] rank=3/5  score=  109.0  surv=190  eps=0.050  step=199536  buf=10000  reason=last_standing  ( 250.8s)
  [ep  355/500] rank=3/5  score=  234.0  surv=240  eps=0.050  step=199778  buf=10000  reason=last_standing  ( 251.1s)
  [ep  356/500] rank=2/5  score=  296.3  surv=263  eps=0.050  step=200043  buf=10000  reason=last_standing  ( 251.3s)
  [ep  357/500] rank=3/5  score=  890.0  surv=400  eps=0.050  step=200444  buf=10000  reason=max_ticks  ( 251.8s)
  [ep  358/500] rank=2/5  score=  133.0  surv=180  eps=0.050  step=200626  buf=10000  reason=last_standing  ( 252.0s)
  [ep  359/500] rank=1/5  score=  862.5  surv=375  eps=0.050  step=201002  buf=10000  reason=last_standing  ( 253.3s)
  [ep  360/500] rank=4/5  score=  198.3  surv= 83  eps=0.050  step=201087  buf=10000  reason=max_ticks  ( 253.5s)
  [ep  361/500] rank=2/5  score=  440.0  surv=350  eps=0.050  step=201439  buf=10000  reason=last_standing  ( 254.0s)
  [ep  362/500] rank=1/5  score=  607.9  surv=279  eps=0.050  step=201719  buf=10000  reason=last_standing  ( 254.4s)
  [ep  363/500] rank=1/5  score=  679.1  surv=291  eps=0.050  step=202011  buf=10000  reason=last_standing  ( 254.7s)
  [ep  364/500] rank=3/5  score=  392.4  surv=324  eps=0.050  step=202337  buf=10000  reason=max_ticks  ( 256.7s)
  [ep  365/500] rank=2/5  score=  455.3  surv=353  eps=0.050  step=202692  buf=10000  reason=last_standing  ( 257.1s)
  [ep  366/500] rank=3/5  score=  248.4  surv=234  eps=0.050  step=202928  buf=10000  reason=last_standing  ( 257.4s)
  [ep  367/500] rank=3/5  score=  920.0  surv=400  eps=0.050  step=203329  buf=10000  reason=max_ticks  ( 257.8s)
  [ep  368/500] rank=3/5  score=  364.3  surv=343  eps=0.050  step=203674  buf=10000  reason=max_ticks  ( 258.2s)
  [ep  369/500] rank=3/5  score=  260.2  surv=252  eps=0.050  step=203928  buf=10000  reason=last_standing  ( 260.3s)
  [ep  370/500] rank=3/5  score=  102.7  surv= 77  eps=0.050  step=204007  buf=10000  reason=max_ticks  ( 260.5s)
  [ep  371/500] rank=2/5  score=  705.0  surv=400  eps=0.050  step=204408  buf=10000  reason=max_ticks  ( 260.9s)
  [ep  372/500] rank=3/5  score=  605.0  surv=400  eps=0.050  step=204809  buf=10000  reason=max_ticks  ( 261.3s)
  [ep  373/500] rank=3/5  score=  720.0  surv=400  eps=0.050  step=205210  buf=10000  reason=max_ticks  ( 261.7s)
  [ep  374/500] rank=2/5  score=  850.0  surv=400  eps=0.050  step=205611  buf=10000  reason=max_ticks  ( 263.9s)
  [ep  375/500] rank=2/5  score=  250.3  surv=253  eps=0.050  step=205866  buf=10000  reason=last_standing  ( 264.1s)
  [ep  376/500] rank=3/5  score=  222.9  surv=279  eps=0.050  step=206147  buf=10000  reason=last_standing  ( 264.5s)
  [ep  377/500] rank=1/5  score=  848.3  surv=383  eps=0.050  step=206531  buf=10000  reason=last_standing  ( 264.8s)
  [ep  378/500] rank=3/5  score=  403.0  surv=380  eps=0.050  step=206913  buf=10000  reason=max_ticks  ( 265.3s)
  [ep  379/500] rank=3/5  score=  625.0  surv=400  eps=0.050  step=207314  buf=10000  reason=max_ticks  ( 267.5s)
  [ep  380/500] rank=2/5  score=  257.0  surv=270  eps=0.050  step=207586  buf=10000  reason=last_standing  ( 267.8s)
  [ep  381/500] rank=3/5  score=  197.8  surv=178  eps=0.050  step=207766  buf=10000  reason=max_ticks  ( 268.0s)
  [ep  382/500] rank=3/5  score=  381.1  surv=311  eps=0.050  step=208079  buf=10000  reason=last_standing  ( 268.4s)
  [ep  383/500] rank=1/5  score= 1035.6  surv=356  eps=0.050  step=208436  buf=10000  reason=last_standing  ( 268.8s)
  [ep  384/500] rank=3/5  score=  253.8  surv=238  eps=0.050  step=208676  buf=10000  reason=last_standing  ( 270.1s)
  [ep  385/500] rank=3/5  score=  218.2  surv=232  eps=0.050  step=208910  buf=10000  reason=last_standing  ( 270.4s)
  [ep  386/500] rank=3/5  score=  371.4  surv=314  eps=0.050  step=209226  buf=10000  reason=max_ticks  ( 270.7s)
  [ep  387/500] rank=1/5  score= 1579.9  surv=399  eps=0.050  step=209626  buf=10000  reason=last_standing  ( 271.1s)
  [ep  388/500] rank=1/5  score=  960.0  surv=400  eps=0.050  step=210027  buf=10000  reason=max_ticks  ( 271.5s)
  [ep  389/500] rank=3/5  score=  182.4  surv=224  eps=0.050  step=210253  buf=10000  reason=max_ticks  ( 272.7s)
  [ep  390/500] rank=2/5  score=  204.8  surv=223  eps=0.050  step=210478  buf=10000  reason=last_standing  ( 273.0s)
  [ep  391/500] rank=3/5  score=  635.0  surv=400  eps=0.050  step=210879  buf=10000  reason=max_ticks  ( 273.4s)
  [ep  392/500] rank=2/5  score=  850.0  surv=400  eps=0.050  step=211280  buf=10000  reason=max_ticks  ( 273.8s)
  [ep  393/500] rank=3/5  score=  466.1  surv=361  eps=0.050  step=211643  buf=10000  reason=last_standing  ( 274.3s)
  [ep  394/500] rank=2/5  score=  289.4  surv=244  eps=0.050  step=211889  buf=10000  reason=last_standing  ( 276.3s)
  [ep  395/500] rank=3/5  score=  585.0  surv=400  eps=0.050  step=212290  buf=10000  reason=max_ticks  ( 276.7s)
  [ep  396/500] rank=4/5  score=   71.8  surv=168  eps=0.050  step=212460  buf=10000  reason=last_standing  ( 276.9s)
  [ep  397/500] rank=1/5  score=  619.0  surv=390  eps=0.050  step=212851  buf=10000  reason=last_standing  ( 277.3s)
  [ep  398/500] rank=4/5  score=  185.9  surv=209  eps=0.050  step=213062  buf=10000  reason=last_standing  ( 277.6s)
  [ep  399/500] rank=3/5  score=  638.1  surv=231  eps=0.050  step=213295  buf=10000  reason=max_ticks  ( 279.6s)
  [ep  400/500] rank=1/5  score=  431.5  surv=115  eps=0.050  step=213411  buf=10000  reason=last_standing  ( 279.7s)
  [ep  401/500] rank=2/5  score=  236.3  surv=263  eps=0.050  step=213676  buf=10000  reason=last_standing  ( 280.0s)
  [ep  402/500] rank=2/5  score=  694.1  surv=391  eps=0.050  step=214069  buf=10000  reason=last_standing  ( 280.5s)
  [ep  403/500] rank=3/5  score=  650.0  surv=400  eps=0.050  step=214470  buf=10000  reason=max_ticks  ( 280.8s)
  [ep  404/500] rank=2/5  score=  380.6  surv=306  eps=0.050  step=214778  buf=10000  reason=last_standing  ( 282.9s)
  [ep  405/500] rank=2/5  score=  528.4  surv=334  eps=0.050  step=215114  buf=10000  reason=last_standing  ( 283.3s)
  [ep  406/500] rank=2/5  score=  269.7  surv=247  eps=0.050  step=215363  buf=10000  reason=last_standing  ( 283.6s)
  [ep  407/500] rank=3/5  score=  423.4  surv=334  eps=0.050  step=215699  buf=10000  reason=max_ticks  ( 284.0s)
  [ep  408/500] rank=2/5  score=  322.2  surv=272  eps=0.050  step=215973  buf=10000  reason=last_standing  ( 284.3s)
  [ep  409/500] rank=3/5  score=  201.3  surv=213  eps=0.050  step=216188  buf=10000  reason=last_standing  ( 286.3s)
  [ep  410/500] rank=4/5  score=  100.8  surv=158  eps=0.050  step=216348  buf=10000  reason=max_ticks  ( 286.5s)
  [ep  411/500] rank=3/5  score=  715.0  surv=400  eps=0.050  step=216749  buf=10000  reason=max_ticks  ( 286.9s)
  [ep  412/500] rank=5/5  score=   80.1  surv=151  eps=0.050  step=216902  buf=10000  reason=max_ticks  ( 287.1s)
  [ep  413/500] rank=1/5  score=  730.0  surv=400  eps=0.050  step=217303  buf=10000  reason=max_ticks  ( 287.5s)
  [ep  414/500] rank=3/5  score=   95.9  surv=159  eps=0.050  step=217464  buf=10000  reason=last_standing  ( 289.5s)
  [ep  415/500] rank=2/5  score=  285.5  surv=255  eps=0.050  step=217721  buf=10000  reason=last_standing  ( 289.8s)
  [ep  416/500] rank=4/5  score=  281.1  surv=261  eps=0.050  step=217984  buf=10000  reason=max_ticks  ( 290.1s)
2026-05-25 12:08:25,853 [INFO] src.arena.gcs_weights: Weights uploaded: /home/hangloss0331/loa-main/backend/battle_royale/bots/boss/trained_weights.json → gs://knu-2026-boss-weights/boss_weights.pt
2026-05-25 12:08:29,015 [INFO] src.arena.gcs_weights: Weights uploaded: /home/hangloss0331/loa-main/backend/battle_royale/bots/boss/trained_weights.json → gs://knu-2026-boss-weights/boss_weights.pt
2026-05-25 12:08:32,274 [INFO] src.arena.gcs_weights: Weights uploaded: /home/hangloss0331/loa-main/backend/battle_royale/bots/boss/trained_weights.json → gs://knu-2026-boss-weights/boss_weights.pt
2026-05-25 12:08:35,590 [INFO] src.arena.gcs_weights: Weights uploaded: /home/hangloss0331/loa-main/backend/battle_royale/bots/boss/trained_weights.json → gs://knu-2026-boss-weights/boss_weights.pt
2026-05-25 12:08:38,829 [INFO] src.arena.gcs_weights: Weights uploaded: /home/hangloss0331/loa-main/backend/battle_royale/bots/boss/trained_weights.json → gs://knu-2026-boss-weights/boss_weights.pt
2026-05-25 12:08:42,383 [INFO] src.arena.gcs_weights: Weights uploaded: /home/hangloss0331/loa-main/backend/battle_royale/bots/boss/trained_weights.json → gs://knu-2026-boss-weights/boss_weights.pt
2026-05-25 12:08:44,766 [INFO] src.arena.gcs_weights: Weights uploaded: /home/hangloss0331/loa-main/backend/battle_royale/bots/boss/trained_weights.json → gs://knu-2026-boss-weights/boss_weights.pt
2026-05-25 12:08:47,941 [INFO] src.arena.gcs_weights: Weights uploaded: /home/hangloss0331/loa-main/backend/battle_royale/bots/boss/trained_weights.json → gs://knu-2026-boss-weights/boss_weights.pt
2026-05-25 12:08:51,217 [INFO] src.arena.gcs_weights: Weights uploaded: /home/hangloss0331/loa-main/backend/battle_royale/bots/boss/trained_weights.json → gs://knu-2026-boss-weights/boss_weights.pt
2026-05-25 12:08:54,172 [INFO] src.arena.gcs_weights: Weights uploaded: /home/hangloss0331/loa-main/backend/battle_royale/bots/boss/trained_weights.json → gs://knu-2026-boss-weights/boss_weights.pt
2026-05-25 12:08:57,224 [INFO] src.arena.gcs_weights: Weights uploaded: /home/hangloss0331/loa-main/backend/battle_royale/bots/boss/trained_weights.json → gs://knu-2026-boss-weights/boss_weights.pt
2026-05-25 12:08:59,697 [INFO] src.arena.gcs_weights: Weights uploaded: /home/hangloss0331/loa-main/backend/battle_royale/bots/boss/trained_weights.json → gs://knu-2026-boss-weights/boss_weights.pt
2026-05-25 12:09:03,124 [INFO] src.arena.gcs_weights: Weights uploaded: /home/hangloss0331/loa-main/backend/battle_royale/bots/boss/trained_weights.json → gs://knu-2026-boss-weights/boss_weights.pt
2026-05-25 12:09:06,291 [INFO] src.arena.gcs_weights: Weights uploaded: /home/hangloss0331/loa-main/backend/battle_royale/bots/boss/trained_weights.json → gs://knu-2026-boss-weights/boss_weights.pt
  [ep  417/500] rank=2/5  score=  293.2  surv=282  eps=0.050  step=218268  buf=10000  reason=last_standing  ( 290.4s)
  [ep  418/500] rank=2/5  score=  357.6  surv=276  eps=0.050  step=218546  buf=10000  reason=last_standing  ( 290.7s)
  [ep  419/500] rank=3/5  score=  400.4  surv=304  eps=0.050  step=218852  buf=10000  reason=max_ticks  ( 292.8s)
  [ep  420/500] rank=2/5  score=  337.0  surv=270  eps=0.050  step=219124  buf=10000  reason=last_standing  ( 293.0s)
  [ep  421/500] rank=2/5  score=  258.2  surv=232  eps=0.050  step=219358  buf=10000  reason=last_standing  ( 293.3s)
  [ep  422/500] rank=3/5  score=  109.1  surv=141  eps=0.050  step=219501  buf=10000  reason=last_standing  ( 293.5s)
  [ep  423/500] rank=3/5  score=  230.6  surv=206  eps=0.050  step=219709  buf=10000  reason=last_standing  ( 293.7s)
  [ep  424/500] rank=2/5  score= 1115.0  surv=400  eps=0.050  step=220110  buf=10000  reason=max_ticks  ( 295.9s)
  [ep  425/500] rank=2/5  score=  305.2  surv=252  eps=0.050  step=220364  buf=10000  reason=last_standing  ( 296.2s)
  [ep  426/500] rank=4/5  score=  250.5  surv=255  eps=0.050  step=220621  buf=10000  reason=last_standing  ( 296.5s)
  [ep  427/500] rank=3/5  score=  139.2  surv=192  eps=0.050  step=220815  buf=10000  reason=last_standing  ( 296.8s)
  [ep  428/500] rank=2/5  score=  522.9  surv=379  eps=0.050  step=221196  buf=10000  reason=last_standing  ( 297.1s)
  [ep  429/500] rank=4/5  score=  195.7  surv=207  eps=0.050  step=221405  buf=10000  reason=max_ticks  ( 299.2s)
  [ep  430/500] rank=2/5  score=  536.9  surv=369  eps=0.050  step=221776  buf=10000  reason=last_standing  ( 299.6s)
  [ep  431/500] rank=3/5  score=  477.4  surv=324  eps=0.050  step=222102  buf=10000  reason=last_standing  ( 299.9s)
  [ep  432/500] rank=1/5  score=  760.0  surv=400  eps=0.050  step=222503  buf=10000  reason=max_ticks  ( 300.3s)
  [ep  433/500] rank=3/5  score=  168.1  surv=181  eps=0.050  step=222686  buf=10000  reason=last_standing  ( 300.6s)
  [ep  434/500] rank=2/5  score=  131.3  surv=163  eps=0.050  step=222851  buf=10000  reason=last_standing  ( 302.5s)
  [ep  435/500] rank=3/5  score=  201.1  surv=211  eps=0.050  step=223064  buf=10000  reason=max_ticks  ( 302.8s)
  [ep  436/500] rank=2/5  score=  323.0  surv=280  eps=0.050  step=223346  buf=10000  reason=last_standing  ( 303.1s)
  [ep  437/500] rank=3/5  score=  347.3  surv=273  eps=0.050  step=223621  buf=10000  reason=last_standing  ( 303.4s)
  [ep  438/500] rank=2/5  score=  315.1  surv=251  eps=0.050  step=223874  buf=10000  reason=last_standing  ( 303.6s)
  [ep  439/500] rank=3/5  score=  366.6  surv=316  eps=0.050  step=224192  buf=10000  reason=max_ticks  ( 305.7s)
  [ep  440/500] rank=1/5  score=  980.0  surv=400  eps=0.050  step=224593  buf=10000  reason=max_ticks  ( 306.1s)
  [ep  441/500] rank=3/5  score=  539.3  surv=343  eps=0.050  step=224938  buf=10000  reason=last_standing  ( 306.5s)
  [ep  442/500] rank=2/5  score=  689.6  surv=396  eps=0.050  step=225336  buf=10000  reason=last_standing  ( 306.9s)
  [ep  443/500] rank=1/5  score=  804.1  surv=341  eps=0.050  step=225678  buf=10000  reason=last_standing  ( 307.2s)
  [ep  444/500] rank=4/5  score=  262.2  surv=272  eps=0.050  step=225952  buf=10000  reason=last_standing  ( 309.3s)
  [ep  445/500] rank=4/5  score=  132.6  surv=176  eps=0.050  step=226130  buf=10000  reason=max_ticks  ( 309.5s)
  [ep  446/500] rank=4/5  score=  118.3  surv=183  eps=0.050  step=226315  buf=10000  reason=max_ticks  ( 309.8s)
  [ep  447/500] rank=2/5  score=  454.4  surv=344  eps=0.050  step=226661  buf=10000  reason=last_standing  ( 310.1s)
  [ep  448/500] rank=2/5  score=  645.0  surv=400  eps=0.050  step=227062  buf=10000  reason=max_ticks  ( 310.5s)
  [ep  449/500] rank=2/5  score=  243.5  surv=235  eps=0.050  step=227299  buf=10000  reason=last_standing  ( 311.7s)
  [ep  450/500] rank=1/5  score=  685.1  surv=301  eps=0.050  step=227601  buf=10000  reason=last_standing  ( 312.0s)
  [ep  451/500] rank=1/5  score= 1305.0  surv=400  eps=0.050  step=228002  buf=10000  reason=max_ticks  ( 312.4s)
  [ep  452/500] rank=2/5  score=  274.4  surv=244  eps=0.050  step=228248  buf=10000  reason=last_standing  ( 312.6s)
  [ep  453/500] rank=5/5  score=   80.4  surv=154  eps=0.050  step=228404  buf=10000  reason=last_standing  ( 312.8s)
  [ep  454/500] rank=3/5  score=  233.6  surv=236  eps=0.050  step=228642  buf=10000  reason=last_standing  ( 314.8s)
  [ep  455/500] rank=2/5  score=  431.0  surv=310  eps=0.050  step=228954  buf=10000  reason=last_standing  ( 315.2s)
  [ep  456/500] rank=3/5  score=  297.6  surv=276  eps=0.050  step=229232  buf=10000  reason=last_standing  ( 315.5s)
  [ep  457/500] rank=3/5  score=  182.2  surv=122  eps=0.050  step=229356  buf=10000  reason=max_ticks  ( 315.7s)
  [ep  458/500] rank=3/5  score=  249.5  surv=245  eps=0.050  step=229603  buf=10000  reason=max_ticks  ( 316.0s)
  [ep  459/500] rank=2/5  score=  895.0  surv=400  eps=0.050  step=230004  buf=10000  reason=max_ticks  ( 318.1s)
  [ep  460/500] rank=2/5  score=  337.5  surv=125  eps=0.050  step=230131  buf=10000  reason=last_standing  ( 318.3s)
  [ep  461/500] rank=4/5  score=   63.2  surv= 32  eps=0.050  step=230165  buf=10000  reason=max_ticks  ( 318.5s)
  [ep  462/500] rank=2/5  score=  358.2  surv=282  eps=0.050  step=230449  buf=10000  reason=last_standing  ( 318.8s)
  [ep  463/500] rank=1/5  score=  654.5  surv=245  eps=0.050  step=230695  buf=10000  reason=last_standing  ( 319.1s)
  [ep  464/500] rank=2/5  score=  262.5  surv=225  eps=0.050  step=230922  buf=10000  reason=last_standing  ( 321.1s)
  [ep  465/500] rank=2/5  score=  331.7  surv=267  eps=0.050  step=231191  buf=10000  reason=last_standing  ( 321.4s)
  [ep  466/500] rank=2/5  score=  353.8  surv=288  eps=0.050  step=231481  buf=10000  reason=last_standing  ( 321.7s)
  [ep  467/500] rank=4/5  score=  109.1  surv=141  eps=0.050  step=231624  buf=10000  reason=last_standing  ( 321.9s)
  [ep  468/500] rank=4/5  score=  107.0  surv=170  eps=0.050  step=231796  buf=10000  reason=last_standing  ( 322.1s)
  [ep  469/500] rank=2/5  score=  211.1  surv=211  eps=0.050  step=232009  buf=10000  reason=last_standing  ( 324.1s)
  [ep  470/500] rank=2/5  score=  199.0  surv=190  eps=0.050  step=232201  buf=10000  reason=last_standing  ( 324.4s)
  [ep  471/500] rank=2/5  score=  466.8  surv=368  eps=0.050  step=232571  buf=10000  reason=last_standing  ( 324.7s)
  [ep  472/500] rank=1/5  score=  765.0  surv=400  eps=0.050  step=232972  buf=10000  reason=max_ticks  ( 325.1s)
  [ep  473/500] rank=3/5  score=  206.3  surv=213  eps=0.050  step=233187  buf=10000  reason=max_ticks  ( 325.4s)
  [ep  474/500] rank=2/5  score=  509.4  surv=344  eps=0.050  step=233533  buf=10000  reason=last_standing  ( 326.6s)
  [ep  475/500] rank=3/5  score=  202.7  surv= 77  eps=0.050  step=233612  buf=10000  reason=max_ticks  ( 326.8s)
  [ep  476/500] rank=2/5  score=  315.1  surv=251  eps=0.050  step=233865  buf=10000  reason=last_standing  ( 327.1s)
  [ep  477/500] rank=1/5  score=  865.0  surv=400  eps=0.050  step=234266  buf=10000  reason=max_ticks  ( 327.5s)
  [ep  478/500] rank=2/5  score=  730.0  surv=400  eps=0.050  step=234667  buf=10000  reason=max_ticks  ( 327.9s)
  [ep  479/500] rank=3/5  score=  298.9  surv=289  eps=0.050  step=234958  buf=10000  reason=max_ticks  ( 330.0s)
  [ep  480/500] rank=1/5  score= 1305.0  surv=400  eps=0.050  step=235359  buf=10000  reason=max_ticks  ( 330.5s)
  [ep  481/500] rank=3/5  score=  123.4  surv=184  eps=0.050  step=235545  buf=10000  reason=last_standing  ( 330.7s)
  [ep  482/500] rank=2/5  score=  369.5  surv=295  eps=0.050  step=235842  buf=10000  reason=last_standing  ( 331.0s)
  [ep  483/500] rank=3/5  score=  112.4  surv=174  eps=0.050  step=236018  buf=10000  reason=last_standing  ( 331.2s)
  [ep  484/500] rank=3/5  score=  223.4  surv=234  eps=0.050  step=236254  buf=10000  reason=max_ticks  ( 333.2s)
  [ep  485/500] rank=3/5  score=  117.1  surv=171  eps=0.050  step=236427  buf=10000  reason=last_standing  ( 333.4s)
  [ep  486/500] rank=3/5  score=  270.4  surv=254  eps=0.050  step=236683  buf=10000  reason=max_ticks  ( 333.7s)
2026-05-25 12:09:08,654 [INFO] src.arena.gcs_weights: Weights uploaded: /home/hangloss0331/loa-main/backend/battle_royale/bots/boss/trained_weights.json → gs://knu-2026-boss-weights/boss_weights.pt
2026-05-25 12:09:11,816 [INFO] src.arena.gcs_weights: Weights uploaded: /home/hangloss0331/loa-main/backend/battle_royale/bots/boss/trained_weights.json → gs://knu-2026-boss-weights/boss_weights.pt
2026-05-25 12:09:14,949 [INFO] src.arena.gcs_weights: Weights uploaded: /home/hangloss0331/loa-main/backend/battle_royale/bots/boss/trained_weights.json → gs://knu-2026-boss-weights/boss_weights.pt
  [ep  487/500] rank=3/5  score=  270.0  surv=250  eps=0.050  step=236935  buf=10000  reason=last_standing  ( 334.0s)
  [ep  488/500] rank=3/5  score=  211.6  surv=216  eps=0.050  step=237153  buf=10000  reason=last_standing  ( 334.3s)
  [ep  489/500] rank=2/5  score=  543.9  surv=389  eps=0.050  step=237544  buf=10000  reason=last_standing  ( 335.6s)
  [ep  490/500] rank=2/5  score=  518.2  surv=382  eps=0.050  step=237928  buf=10000  reason=last_standing  ( 335.9s)
  [ep  491/500] rank=4/5  score=  197.3  surv=223  eps=0.050  step=238153  buf=10000  reason=max_ticks  ( 336.3s)
  [ep  492/500] rank=3/5  score=  158.8  surv=188  eps=0.050  step=238343  buf=10000  reason=last_standing  ( 336.5s)
  [ep  493/500] rank=2/5  score=  210.6  surv=206  eps=0.050  step=238551  buf=10000  reason=last_standing  ( 336.7s)
  [ep  494/500] rank=1/5  score=  701.4  surv=314  eps=0.050  step=238866  buf=10000  reason=last_standing  ( 338.7s)
  [ep  495/500] rank=2/5  score=  248.2  surv=232  eps=0.050  step=239100  buf=10000  reason=last_standing  ( 339.0s)
  [ep  496/500] rank=1/5  score=  757.3  surv=373  eps=0.050  step=239475  buf=10000  reason=last_standing  ( 339.3s)
  [ep  497/500] rank=1/5  score=  580.4  surv=304  eps=0.050  step=239780  buf=10000  reason=last_standing  ( 339.7s)
  [ep  498/500] rank=2/5  score=  228.8  surv=238  eps=0.050  step=240020  buf=10000  reason=last_standing  ( 339.9s)
  [ep  499/500] rank=3/5  score=  121.3  surv=163  eps=0.050  step=240185  buf=10000  reason=last_standing  ( 341.9s)
  [ep  500/500] rank=1/5  score=  820.0  surv=400  eps=0.050  step=240586  buf=10000  reason=max_ticks  ( 342.3s)

======================================================================
  학습 완료
  로컬 저장 (버퍼 포함): /home/hangloss0331/loa-main/backend/battle_royale/bots/boss/trained_weights.json
  평균 순위: 2.42 / 5
  평균 점수: 433.9
  최종 epsilon: 0.050
  최종 step:    240586
  버퍼 크기:    10000
  총 소요:      343.3s
======================================================================
