2026-05-25 13:09:43,304 [INFO] train_boss_bot: DB에서 유저 봇 0개 로드
2026-05-25 13:09:43,305 [INFO] train_boss_bot: 유저 봇 0개 — 모든 상대를 콜드스타트 봇으로 구성
======================================================================
  RLBossBot 오프라인 학습 시작
  에피소드: 300 | 봇/판: 5 | 유저봇: 0 | GCS: False
  시작 epsilon: 0.050 | 누적 에피소드: 935 | 누적 step: 265847
  저장 경로: /home/hangloss0331/loa-main/backend/battle_royale/bots/boss/trained_weights.json
======================================================================
  [ep    1/300] rank=3/5  score=  716.8  surv=268  eps=0.050  step=265847  buf=  269  reason=max_ticks  (   0.3s)
  [ep    2/300] rank=1/5  score=  555.2  surv=302  eps=0.050  step=265920  buf=  571  reason=last_standing  (   0.6s)
  [ep    3/300] rank=2/5  score=  608.6  surv=386  eps=0.050  step=266308  buf=  958  reason=last_standing  (   1.2s)
  [ep    4/300] rank=1/5  score=  745.0  surv=400  eps=0.050  step=266709  buf= 1358  reason=max_ticks  (   1.9s)
  [ep    5/300] rank=3/5  score=  377.3  surv=273  eps=0.050  step=266984  buf= 1632  reason=last_standing  (   4.3s)
  [ep    6/300] rank=2/5  score=  284.3  surv=243  eps=0.050  step=267229  buf= 1876  reason=last_standing  (   4.6s)
  [ep    7/300] rank=2/5  score=  508.5  surv=385  eps=0.050  step=267616  buf= 2262  reason=last_standing  (   4.9s)
  [ep    8/300] rank=1/5  score= 1060.0  surv=400  eps=0.050  step=268017  buf= 2662  reason=max_ticks  (   5.3s)
  [ep    9/300] rank=5/5  score=   90.4  surv=154  eps=0.050  step=268173  buf= 2817  reason=last_standing  (   5.5s)
  [ep   10/300] rank=2/5  score=  658.1  surv=381  eps=0.050  step=268555  buf= 3198  reason=last_standing  (   7.7s)
  [ep   11/300] rank=2/5  score=  142.4  surv=174  eps=0.050  step=268731  buf= 3373  reason=last_standing  (   7.9s)
  [ep   12/300] rank=1/5  score=  730.0  surv=400  eps=0.050  step=269132  buf= 3773  reason=max_ticks  (   8.3s)
  [ep   13/300] rank=1/5  score=  620.0  surv=300  eps=0.050  step=269433  buf= 4073  reason=last_standing  (   8.6s)
  [ep   14/300] rank=1/5  score=  654.6  surv=296  eps=0.050  step=269730  buf= 4369  reason=last_standing  (   8.9s)
  [ep   15/300] rank=3/5  score=  221.4  surv=164  eps=0.050  step=269896  buf= 4534  reason=max_ticks  (  10.8s)
  [ep   16/300] rank=2/5  score=  264.5  surv=245  eps=0.050  step=270143  buf= 4780  reason=last_standing  (  11.1s)
  [ep   17/300] rank=3/5  score=  403.8  surv=338  eps=0.050  step=270483  buf= 5119  reason=max_ticks  (  11.4s)
  [ep   18/300] rank=2/5  score=  511.5  surv=315  eps=0.050  step=270800  buf= 5435  reason=last_standing  (  11.8s)
  [ep   19/300] rank=3/5  score=  224.2  surv=242  eps=0.050  step=271044  buf= 5678  reason=last_standing  (  12.0s)
  [ep   20/300] rank=3/5  score=  235.0  surv=250  eps=0.050  step=271296  buf= 5929  reason=last_standing  (  14.0s)
  [ep   21/300] rank=2/5  score=  234.4  surv=244  eps=0.050  step=271542  buf= 6174  reason=last_standing  (  14.3s)
  [ep   22/300] rank=3/5  score=  335.3  surv=253  eps=0.050  step=271797  buf= 6428  reason=max_ticks  (  14.6s)
  [ep   23/300] rank=2/5  score=  424.1  surv=341  eps=0.050  step=272140  buf= 6770  reason=last_standing  (  15.0s)
  [ep   24/300] rank=2/5  score=  549.6  surv=396  eps=0.050  step=272538  buf= 7167  reason=last_standing  (  15.4s)
  [ep   25/300] rank=3/5  score=  533.9  surv=389  eps=0.050  step=272929  buf= 7557  reason=max_ticks  (  17.6s)
  [ep   26/300] rank=1/5  score=  725.6  surv=256  eps=0.050  step=273186  buf= 7813  reason=last_standing  (  17.9s)
  [ep   27/300] rank=2/5  score=  700.0  surv=400  eps=0.050  step=273587  buf= 8213  reason=max_ticks  (  18.3s)
  [ep   28/300] rank=2/5  score=  340.8  surv=108  eps=0.050  step=273697  buf= 8322  reason=last_standing  (  18.5s)
  [ep   29/300] rank=2/5  score=  440.6  surv=331  eps=0.050  step=274030  buf= 8654  reason=last_standing  (  18.8s)
  [ep   30/300] rank=3/5  score=  269.1  surv=241  eps=0.050  step=274273  buf= 8896  reason=max_ticks  (  20.8s)
  [ep   31/300] rank=3/5  score=  269.7  surv=297  eps=0.050  step=274572  buf= 9194  reason=max_ticks  (  21.2s)
  [ep   32/300] rank=2/5  score=  428.7  surv=337  eps=0.050  step=274911  buf= 9532  reason=last_standing  (  21.5s)
  [ep   33/300] rank=2/5  score=  860.0  surv=400  eps=0.050  step=275312  buf= 9932  reason=max_ticks  (  22.0s)
  [ep   34/300] rank=3/5  score=  338.7  surv=287  eps=0.050  step=275601  buf=10000  reason=last_standing  (  22.3s)
  [ep   35/300] rank=1/5  score=  418.1  surv=281  eps=0.050  step=275883  buf=10000  reason=last_standing  (  24.4s)
  [ep   36/300] rank=3/5  score=  378.9  surv=339  eps=0.050  step=276224  buf=10000  reason=last_standing  (  24.8s)
  [ep   37/300] rank=3/5  score=  154.8  surv=198  eps=0.050  step=276424  buf=10000  reason=last_standing  (  25.0s)
  [ep   38/300] rank=2/5  score=  810.0  surv=400  eps=0.050  step=276825  buf=10000  reason=max_ticks  (  25.4s)
  [ep   39/300] rank=3/5  score=  260.0  surv=150  eps=0.050  step=276977  buf=10000  reason=max_ticks  (  25.6s)
  [ep   40/300] rank=3/5  score=  660.0  surv=400  eps=0.050  step=277378  buf=10000  reason=max_ticks  (  27.9s)
  [ep   41/300] rank=3/5  score=  359.9  surv=299  eps=0.050  step=277679  buf=10000  reason=last_standing  (  28.2s)
  [ep   42/300] rank=4/5  score=  155.9  surv=209  eps=0.050  step=277890  buf=10000  reason=last_standing  (  28.5s)
  [ep   43/300] rank=1/5  score=  750.0  surv=400  eps=0.050  step=278291  buf=10000  reason=max_ticks  (  28.8s)
  [ep   44/300] rank=2/5  score=  745.0  surv=400  eps=0.050  step=278692  buf=10000  reason=max_ticks  (  29.2s)
  [ep   45/300] rank=2/5  score=  685.0  surv=400  eps=0.050  step=279093  buf=10000  reason=max_ticks  (  31.4s)
  [ep   46/300] rank=1/5  score=  607.2  surv=372  eps=0.050  step=279466  buf=10000  reason=last_standing  (  31.8s)
  [ep   47/300] rank=3/5  score=  291.3  surv=263  eps=0.050  step=279731  buf=10000  reason=last_standing  (  32.1s)
  [ep   48/300] rank=2/5  score=  655.0  surv=400  eps=0.050  step=280132  buf=10000  reason=max_ticks  (  32.5s)
  [ep   49/300] rank=3/5  score=  350.2  surv=152  eps=0.050  step=280286  buf=10000  reason=last_standing  (  32.7s)
  [ep   50/300] rank=3/5  score=  640.0  surv=400  eps=0.050  step=280687  buf=10000  reason=max_ticks  (  35.0s)
  [ep   51/300] rank=3/5  score=  287.4  surv=324  eps=0.050  step=281013  buf=10000  reason=last_standing  (  35.3s)
  [ep   52/300] rank=3/5  score=  209.8  surv=248  eps=0.050  step=281263  buf=10000  reason=max_ticks  (  35.6s)
  [ep   53/300] rank=2/5  score=  355.5  surv=305  eps=0.050  step=281570  buf=10000  reason=last_standing  (  36.0s)
  [ep   54/300] rank=2/5  score=  451.3  surv=363  eps=0.050  step=281935  buf=10000  reason=last_standing  (  36.3s)
  [ep   55/300] rank=1/5  score=  605.0  surv=400  eps=0.050  step=282336  buf=10000  reason=max_ticks  (  37.7s)
  [ep   56/300] rank=2/5  score=  426.6  surv=366  eps=0.050  step=282704  buf=10000  reason=last_standing  (  38.0s)
  [ep   57/300] rank=3/5  score=  355.8  surv=358  eps=0.050  step=283064  buf=10000  reason=last_standing  (  38.4s)
  [ep   58/300] rank=2/5  score=  378.9  surv=264  eps=0.050  step=283330  buf=10000  reason=last_standing  (  38.7s)
  [ep   59/300] rank=3/5  score=  217.4  surv=274  eps=0.050  step=283606  buf=10000  reason=max_ticks  (  39.0s)
  [ep   60/300] rank=5/5  score=   27.6  surv= 26  eps=0.050  step=283634  buf=10000  reason=max_ticks  (  40.9s)
  [ep   61/300] rank=2/5  score=  340.7  surv=307  eps=0.050  step=283943  buf=10000  reason=last_standing  (  41.2s)
  [ep   62/300] rank=2/5  score=  258.3  surv=283  eps=0.050  step=284228  buf=10000  reason=last_standing  (  41.5s)
  [ep   63/300] rank=2/5  score=  960.0  surv=400  eps=0.050  step=284629  buf=10000  reason=max_ticks  (  42.0s)
  [ep   64/300] rank=1/5  score=  541.1  surv=361  eps=0.050  step=284991  buf=10000  reason=last_standing  (  42.4s)
  [ep   65/300] rank=1/5  score=  615.0  surv=300  eps=0.050  step=285292  buf=10000  reason=last_standing  (  44.5s)
  [ep   66/300] rank=2/5  score=  367.1  surv=321  eps=0.050  step=285615  buf=10000  reason=last_standing  (  44.9s)
  [ep   67/300] rank=3/5  score=  246.7  surv=267  eps=0.050  step=285884  buf=10000  reason=last_standing  (  45.2s)
  [ep   68/300] rank=1/5  score=  980.0  surv=400  eps=0.050  step=286285  buf=10000  reason=max_ticks  (  45.6s)
  [ep   69/300] rank=2/5  score=  377.3  surv=323  eps=0.050  step=286610  buf=10000  reason=last_standing  (  45.9s)
  [ep   70/300] rank=2/5  score=  638.5  surv=385  eps=0.050  step=286996  buf=10000  reason=last_standing  (  48.0s)
  [ep   71/300] rank=2/5  score=  377.2  surv=372  eps=0.050  step=287370  buf=10000  reason=last_standing  (  48.4s)
  [ep   72/300] rank=2/5  score=  715.0  surv=400  eps=0.050  step=287771  buf=10000  reason=max_ticks  (  48.9s)
  [ep   73/300] rank=2/5  score=  700.0  surv=400  eps=0.050  step=288172  buf=10000  reason=max_ticks  (  49.3s)
  [ep   74/300] rank=2/5  score=  318.2  surv=132  eps=0.050  step=288306  buf=10000  reason=last_standing  (  49.5s)
  [ep   75/300] rank=3/5  score=  155.3  surv=153  eps=0.050  step=288461  buf=10000  reason=last_standing  (  51.4s)
  [ep   76/300] rank=1/5  score=  551.3  surv=363  eps=0.050  step=288825  buf=10000  reason=last_standing  (  51.8s)
  [ep   77/300] rank=2/5  score=  655.8  surv=258  eps=0.050  step=289084  buf=10000  reason=last_standing  (  52.1s)
  [ep   78/300] rank=1/5  score=  845.0  surv=400  eps=0.050  step=289485  buf=10000  reason=max_ticks  (  52.5s)
  [ep   79/300] rank=3/5  score=  391.6  surv=366  eps=0.050  step=289853  buf=10000  reason=max_ticks  (  53.0s)
  [ep   80/300] rank=5/5  score=   81.5  surv= 15  eps=0.050  step=289870  buf=10000  reason=last_standing  (  54.9s)
  [ep   81/300] rank=2/5  score=  305.7  surv=307  eps=0.050  step=290179  buf=10000  reason=last_standing  (  55.3s)
  [ep   82/300] rank=2/5  score=  685.0  surv=400  eps=0.050  step=290580  buf=10000  reason=max_ticks  (  55.7s)
  [ep   83/300] rank=3/5  score=  308.9  surv=339  eps=0.050  step=290921  buf=10000  reason=last_standing  (  56.0s)
  [ep   84/300] rank=2/5  score=  695.0  surv=400  eps=0.050  step=291322  buf=10000  reason=max_ticks  (  56.4s)
  [ep   85/300] rank=2/5  score=  920.0  surv=400  eps=0.050  step=291723  buf=10000  reason=max_ticks  (  58.6s)
  [ep   86/300] rank=3/5  score=  254.2  surv=292  eps=0.050  step=292017  buf=10000  reason=max_ticks  (  58.9s)
  [ep   87/300] rank=3/5  score=  260.0  surv=300  eps=0.050  step=292319  buf=10000  reason=last_standing  (  59.2s)
  [ep   88/300] rank=4/5  score=  138.8  surv=188  eps=0.050  step=292509  buf=10000  reason=max_ticks  (  59.5s)
  [ep   89/300] rank=2/5  score=  557.5  surv=325  eps=0.050  step=292836  buf=10000  reason=last_standing  (  59.9s)
  [ep   90/300] rank=2/5  score=  810.0  surv=400  eps=0.050  step=293237  buf=10000  reason=max_ticks  (  62.1s)
  [ep   91/300] rank=1/5  score=  482.1  surv=221  eps=0.050  step=293459  buf=10000  reason=last_standing  (  62.3s)
  [ep   92/300] rank=3/5  score=  261.6  surv=316  eps=0.050  step=293777  buf=10000  reason=last_standing  (  62.7s)
  [ep   93/300] rank=2/5  score=  167.9  surv=229  eps=0.050  step=294008  buf=10000  reason=last_standing  (  62.9s)
  [ep   94/300] rank=2/5  score=  635.0  surv=400  eps=0.050  step=294409  buf=10000  reason=max_ticks  (  63.4s)
  [ep   95/300] rank=3/5  score=  353.3  surv=383  eps=0.050  step=294794  buf=10000  reason=max_ticks  (  65.6s)
  [ep   96/300] rank=2/5  score=  515.0  surv=400  eps=0.050  step=295195  buf=10000  reason=max_ticks  (  66.1s)
  [ep   97/300] rank=3/5  score=  199.1  surv=291  eps=0.050  step=295488  buf=10000  reason=max_ticks  (  66.5s)
  [ep   98/300] rank=2/5  score=  560.0  surv=400  eps=0.050  step=295889  buf=10000  reason=max_ticks  (  66.9s)
  [ep   99/300] rank=3/5  score=  382.6  surv=376  eps=0.050  step=296267  buf=10000  reason=max_ticks  (  67.3s)
  [ep  100/300] rank=4/5  score=  254.6  surv=346  eps=0.050  step=296615  buf=10000  reason=max_ticks  (  69.5s)
  [ep  101/300] rank=3/5  score=  595.0  surv=400  eps=0.050  step=297016  buf=10000  reason=max_ticks  (  69.9s)
  [ep  102/300] rank=3/5  score=  498.5  surv=385  eps=0.050  step=297403  buf=10000  reason=max_ticks  (  70.3s)
  [ep  103/300] rank=3/5  score=  171.3  surv=263  eps=0.050  step=297668  buf=10000  reason=last_standing  (  70.6s)
  [ep  104/300] rank=2/5  score=  218.1  surv=281  eps=0.050  step=297951  buf=10000  reason=last_standing  (  70.9s)
  [ep  105/300] rank=2/5  score=  331.7  surv=367  eps=0.050  step=298320  buf=10000  reason=last_standing  (  73.0s)
  [ep  106/300] rank=2/5  score=  780.0  surv=400  eps=0.050  step=298721  buf=10000  reason=max_ticks  (  73.4s)
  [ep  107/300] rank=5/5  score=  128.2  surv= 32  eps=0.050  step=298755  buf=10000  reason=last_standing  (  73.6s)
  [ep  108/300] rank=1/5  score=  682.4  surv=374  eps=0.050  step=299130  buf=10000  reason=last_standing  (  74.0s)
  [ep  109/300] rank=3/5  score=  329.2  surv=342  eps=0.050  step=299474  buf=10000  reason=last_standing  (  74.3s)
  [ep  110/300] rank=2/5  score=  158.5  surv=235  eps=0.050  step=299711  buf=10000  reason=last_standing  (  76.4s)
  [ep  111/300] rank=2/5  score=  413.2  surv=232  eps=0.050  step=299944  buf=10000  reason=last_standing  (  76.6s)
  [ep  112/300] rank=2/5  score=  435.0  surv=400  eps=0.050  step=300345  buf=10000  reason=max_ticks  (  77.0s)
  [ep  113/300] rank=2/5  score=  151.9  surv=219  eps=0.050  step=300566  buf=10000  reason=last_standing  (  77.3s)
  [ep  114/300] rank=1/5  score=  335.7  surv=257  eps=0.050  step=300824  buf=10000  reason=last_standing  (  77.5s)
  [ep  115/300] rank=3/5  score=  392.2  surv=372  eps=0.050  step=301198  buf=10000  reason=max_ticks  (  79.7s)
  [ep  116/300] rank=2/5  score=  398.3  surv=383  eps=0.050  step=301583  buf=10000  reason=last_standing  (  80.1s)
  [ep  117/300] rank=2/5  score=  233.6  surv=286  eps=0.050  step=301871  buf=10000  reason=last_standing  (  80.4s)
  [ep  118/300] rank=3/5  score=  620.0  surv=400  eps=0.050  step=302272  buf=10000  reason=max_ticks  (  80.8s)
  [ep  119/300] rank=2/5  score=  550.0  surv=400  eps=0.050  step=302673  buf=10000  reason=max_ticks  (  81.2s)
  [ep  120/300] rank=3/5  score=  685.0  surv=400  eps=0.050  step=303074  buf=10000  reason=max_ticks  (  83.3s)
  [ep  121/300] rank=2/5  score=  535.0  surv=400  eps=0.050  step=303475  buf=10000  reason=max_ticks  (  83.7s)
  [ep  122/300] rank=5/5  score=   65.6  surv= 56  eps=0.050  step=303533  buf=10000  reason=last_standing  (  83.9s)
  [ep  123/300] rank=3/5  score=  323.7  surv=187  eps=0.050  step=303722  buf=10000  reason=max_ticks  (  84.1s)
  [ep  124/300] rank=3/5  score=  109.9  surv= 99  eps=0.050  step=303823  buf=10000  reason=last_standing  (  84.3s)
  [ep  125/300] rank=1/5  score=  580.0  surv=400  eps=0.050  step=304224  buf=10000  reason=max_ticks  (  86.4s)
  [ep  126/300] rank=1/5  score=  327.8  surv=228  eps=0.050  step=304453  buf=10000  reason=last_standing  (  86.7s)
  [ep  127/300] rank=1/5  score=  602.4  surv=324  eps=0.050  step=304778  buf=10000  reason=last_standing  (  87.1s)
  [ep  128/300] rank=2/5  score=  490.9  surv=309  eps=0.050  step=305088  buf=10000  reason=last_standing  (  87.4s)
  [ep  129/300] rank=2/5  score=  153.1  surv=231  eps=0.050  step=305321  buf=10000  reason=last_standing  (  87.6s)
  [ep  130/300] rank=1/5  score=  497.1  surv=271  eps=0.050  step=305593  buf=10000  reason=last_standing  (  89.7s)
  [ep  131/300] rank=2/5  score=  770.0  surv=400  eps=0.050  step=305994  buf=10000  reason=max_ticks  (  90.1s)
  [ep  132/300] rank=5/5  score=   46.0  surv= 10  eps=0.050  step=306006  buf=10000  reason=max_ticks  (  90.2s)
  [ep  133/300] rank=1/5  score=  669.4  surv=344  eps=0.050  step=306351  buf=10000  reason=last_standing  (  90.6s)
  [ep  134/300] rank=2/5  score=  435.9  surv=359  eps=0.050  step=306711  buf=10000  reason=last_standing  (  91.0s)
  [ep  135/300] rank=3/5  score=  104.0  surv=190  eps=0.050  step=306903  buf=10000  reason=max_ticks  (  93.0s)
  [ep  136/300] rank=2/5  score=  755.0  surv=400  eps=0.050  step=307304  buf=10000  reason=max_ticks  (  93.4s)
  [ep  137/300] rank=1/5  score=  734.7  surv=397  eps=0.050  step=307702  buf=10000  reason=last_standing  (  93.8s)
  [ep  138/300] rank=2/5  score=  359.4  surv=344  eps=0.050  step=308048  buf=10000  reason=last_standing  (  94.2s)
  [ep  139/300] rank=2/5  score=  575.0  surv=400  eps=0.050  step=308449  buf=10000  reason=max_ticks  (  94.6s)
  [ep  140/300] rank=3/5  score=  341.2  surv=387  eps=0.050  step=308838  buf=10000  reason=max_ticks  (  96.9s)
  [ep  141/300] rank=3/5  score=  163.2  surv=232  eps=0.050  step=309072  buf=10000  reason=last_standing  (  97.2s)
  [ep  142/300] rank=3/5  score=  461.6  surv=316  eps=0.050  step=309390  buf=10000  reason=last_standing  (  97.5s)
  [ep  143/300] rank=3/5  score=  208.4  surv=284  eps=0.050  step=309676  buf=10000  reason=last_standing  (  97.9s)
  [ep  144/300] rank=3/5  score=   96.9  surv=169  eps=0.050  step=309847  buf=10000  reason=last_standing  (  98.1s)
  [ep  145/300] rank=2/5  score=  267.9  surv=329  eps=0.050  step=310178  buf=10000  reason=last_standing  ( 100.2s)
  [ep  146/300] rank=3/5  score=  675.0  surv=400  eps=0.050  step=310579  buf=10000  reason=max_ticks  ( 100.6s)
  [ep  147/300] rank=3/5  score=  237.0  surv=320  eps=0.050  step=310901  buf=10000  reason=max_ticks  ( 101.0s)
  [ep  148/300] rank=2/5  score=  305.5  surv=355  eps=0.050  step=311258  buf=10000  reason=last_standing  ( 101.3s)
  [ep  149/300] rank=4/5  score=  310.5  surv=305  eps=0.050  step=311565  buf=10000  reason=last_standing  ( 101.7s)
  [ep  150/300] rank=2/5  score=  168.2  surv=132  eps=0.050  step=311699  buf=10000  reason=last_standing  ( 103.6s)
  [ep  151/300] rank=2/5  score=  765.0  surv=400  eps=0.050  step=312100  buf=10000  reason=max_ticks  ( 104.0s)
  [ep  152/300] rank=2/5  score=  605.0  surv=400  eps=0.050  step=312501  buf=10000  reason=max_ticks  ( 104.4s)
  [ep  153/300] rank=3/5  score=  150.9  surv=209  eps=0.050  step=312712  buf=10000  reason=last_standing  ( 104.7s)
  [ep  154/300] rank=2/5  score=  434.8  surv=348  eps=0.050  step=313062  buf=10000  reason=last_standing  ( 105.0s)
  [ep  155/300] rank=1/5  score=  571.9  surv=319  eps=0.050  step=313382  buf=10000  reason=last_standing  ( 107.1s)
  [ep  156/300] rank=2/5  score=  199.6  surv=246  eps=0.050  step=313630  buf=10000  reason=last_standing  ( 107.4s)
  [ep  157/300] rank=3/5  score=  412.2  surv=372  eps=0.050  step=314004  buf=10000  reason=last_standing  ( 107.7s)
  [ep  158/300] rank=1/5  score=  628.6  surv=286  eps=0.050  step=314291  buf=10000  reason=last_standing  ( 108.1s)
  [ep  159/300] rank=2/5  score=  535.0  surv=400  eps=0.050  step=314692  buf=10000  reason=max_ticks  ( 108.5s)
  [ep  160/300] rank=2/5  score=  343.0  surv=380  eps=0.050  step=315074  buf=10000  reason=last_standing  ( 110.6s)
  [ep  161/300] rank=1/5  score=  860.0  surv=400  eps=0.050  step=315475  buf=10000  reason=max_ticks  ( 111.0s)
  [ep  162/300] rank=2/5  score=  378.2  surv=382  eps=0.050  step=315859  buf=10000  reason=last_standing  ( 111.4s)
  [ep  163/300] rank=2/5  score=  830.0  surv=400  eps=0.050  step=316260  buf=10000  reason=max_ticks  ( 111.8s)
  [ep  164/300] rank=2/5  score=  477.3  surv=373  eps=0.050  step=316635  buf=10000  reason=last_standing  ( 112.2s)
  [ep  165/300] rank=4/5  score=  279.0  surv=340  eps=0.050  step=316977  buf=10000  reason=max_ticks  ( 114.3s)
  [ep  166/300] rank=1/5  score=  590.0  surv=400  eps=0.050  step=317378  buf=10000  reason=max_ticks  ( 114.8s)
  [ep  167/300] rank=2/5  score=  760.0  surv=400  eps=0.050  step=317779  buf=10000  reason=max_ticks  ( 115.2s)
  [ep  168/300] rank=3/5  score=  282.8  surv=328  eps=0.050  step=318109  buf=10000  reason=last_standing  ( 115.5s)
  [ep  169/300] rank=2/5  score=  169.4  surv=244  eps=0.050  step=318355  buf=10000  reason=last_standing  ( 115.8s)
  [ep  170/300] rank=2/5  score=  515.0  surv=400  eps=0.050  step=318756  buf=10000  reason=max_ticks  ( 118.0s)
  [ep  171/300] rank=2/5  score=  603.7  surv=387  eps=0.050  step=319145  buf=10000  reason=last_standing  ( 118.4s)
  [ep  172/300] rank=3/5  score=  179.2  surv= 92  eps=0.050  step=319239  buf=10000  reason=max_ticks  ( 118.5s)
  [ep  173/300] rank=3/5  score=  130.3  surv=153  eps=0.050  step=319394  buf=10000  reason=max_ticks  ( 118.8s)
  [ep  174/300] rank=1/5  score=  559.0  surv=340  eps=0.050  step=319735  buf=10000  reason=last_standing  ( 119.1s)
  [ep  175/300] rank=1/5  score=  738.1  surv=331  eps=0.050  step=320067  buf=10000  reason=last_standing  ( 121.3s)
  [ep  176/300] rank=1/5  score=  376.2  surv=312  eps=0.050  step=320380  buf=10000  reason=last_standing  ( 121.6s)
  [ep  177/300] rank=1/5  score=  927.8  surv=328  eps=0.050  step=320709  buf=10000  reason=last_standing  ( 121.9s)
  [ep  178/300] rank=3/5  score=  167.1  surv=271  eps=0.050  step=320982  buf=10000  reason=last_standing  ( 122.3s)
  [ep  179/300] rank=3/5  score=  350.5  surv=305  eps=0.050  step=321289  buf=10000  reason=max_ticks  ( 122.7s)
  [ep  180/300] rank=2/5  score=  339.1  surv=341  eps=0.050  step=321632  buf=10000  reason=last_standing  ( 124.8s)
  [ep  181/300] rank=2/5  score=  362.6  surv=326  eps=0.050  step=321959  buf=10000  reason=last_standing  ( 125.1s)
  [ep  182/300] rank=2/5  score=  670.0  surv=400  eps=0.050  step=322360  buf=10000  reason=max_ticks  ( 125.6s)
  [ep  183/300] rank=1/5  score=  625.7  surv=357  eps=0.050  step=322718  buf=10000  reason=last_standing  ( 126.0s)
  [ep  184/300] rank=2/5  score=  323.0  surv=330  eps=0.050  step=323050  buf=10000  reason=last_standing  ( 126.3s)
  [ep  185/300] rank=2/5  score=  201.9  surv=269  eps=0.050  step=323321  buf=10000  reason=last_standing  ( 128.3s)
  [ep  186/300] rank=1/5  score=  609.7  surv=347  eps=0.050  step=323669  buf=10000  reason=last_standing  ( 128.7s)
  [ep  187/300] rank=2/5  score=  336.5  surv=365  eps=0.050  step=324036  buf=10000  reason=last_standing  ( 129.1s)
  [ep  188/300] rank=2/5  score=  645.0  surv=400  eps=0.050  step=324437  buf=10000  reason=max_ticks  ( 129.5s)
  [ep  189/300] rank=1/5  score=  288.4  surv=184  eps=0.050  step=324622  buf=10000  reason=last_standing  ( 129.7s)
  [ep  190/300] rank=3/5  score=  195.7  surv=107  eps=0.050  step=324731  buf=10000  reason=max_ticks  ( 131.6s)
  [ep  191/300] rank=2/5  score=  670.0  surv=400  eps=0.050  step=325132  buf=10000  reason=max_ticks  ( 132.0s)
  [ep  192/300] rank=1/5  score=  965.0  surv=400  eps=0.050  step=325533  buf=10000  reason=max_ticks  ( 132.4s)
  [ep  193/300] rank=2/5  score=  385.2  surv=302  eps=0.050  step=325837  buf=10000  reason=last_standing  ( 132.8s)
  [ep  194/300] rank=2/5  score=  535.0  surv=400  eps=0.050  step=326238  buf=10000  reason=max_ticks  ( 133.3s)
  [ep  195/300] rank=3/5  score=  255.1  surv=301  eps=0.050  step=326541  buf=10000  reason=last_standing  ( 135.4s)
  [ep  196/300] rank=2/5  score=  480.2  surv=352  eps=0.050  step=326895  buf=10000  reason=last_standing  ( 135.7s)
  [ep  197/300] rank=2/5  score=  258.6  surv=286  eps=0.050  step=327183  buf=10000  reason=last_standing  ( 136.0s)
  [ep  198/300] rank=3/5  score=  209.3  surv=293  eps=0.050  step=327478  buf=10000  reason=max_ticks  ( 136.4s)
  [ep  199/300] rank=3/5  score=  305.6  surv=306  eps=0.050  step=327786  buf=10000  reason=last_standing  ( 136.7s)
  [ep  200/300] rank=4/5  score=  271.2  surv=312  eps=0.050  step=328100  buf=10000  reason=max_ticks  ( 137.9s)
  [ep  201/300] rank=3/5  score=  510.0  surv=400  eps=0.050  step=328501  buf=10000  reason=max_ticks  ( 138.4s)
  [ep  202/300] rank=2/5  score=  810.0  surv=400  eps=0.050  step=328902  buf=10000  reason=max_ticks  ( 138.8s)
  [ep  203/300] rank=1/5  score=  637.9  surv=379  eps=0.050  step=329282  buf=10000  reason=last_standing  ( 139.2s)
  [ep  204/300] rank=2/5  score= 1035.0  surv=400  eps=0.050  step=329683  buf=10000  reason=max_ticks  ( 139.6s)
  [ep  205/300] rank=2/5  score=  562.5  surv=375  eps=0.050  step=330059  buf=10000  reason=last_standing  ( 141.8s)
  [ep  206/300] rank=3/5  score=   84.2  surv= 92  eps=0.050  step=330153  buf=10000  reason=max_ticks  ( 142.0s)
  [ep  207/300] rank=3/5  score=  555.0  surv=400  eps=0.050  step=330554  buf=10000  reason=max_ticks  ( 142.4s)
  [ep  208/300] rank=3/5  score=  339.1  surv= 91  eps=0.050  step=330647  buf=10000  reason=last_standing  ( 142.6s)
  [ep  209/300] rank=2/5  score=  239.2  surv=292  eps=0.050  step=330941  buf=10000  reason=last_standing  ( 142.9s)
  [ep  210/300] rank=5/5  score=   83.1  surv= 31  eps=0.050  step=330974  buf=10000  reason=max_ticks  ( 144.8s)
  [ep  211/300] rank=2/5  score=  463.6  surv=386  eps=0.050  step=331362  buf=10000  reason=last_standing  ( 145.2s)
  [ep  212/300] rank=3/5  score=  194.9  surv= 49  eps=0.050  step=331413  buf=10000  reason=last_standing  ( 145.4s)
  [ep  213/300] rank=2/5  score=  424.1  surv=291  eps=0.050  step=331706  buf=10000  reason=last_standing  ( 145.7s)
  [ep  214/300] rank=3/5  score=  603.7  surv=387  eps=0.050  step=332095  buf=10000  reason=max_ticks  ( 146.1s)
  [ep  215/300] rank=3/5  score=  142.9  surv=179  eps=0.050  step=332276  buf=10000  reason=last_standing  ( 148.0s)
  [ep  216/300] rank=2/5  score=  297.2  surv=272  eps=0.050  step=332550  buf=10000  reason=last_standing  ( 148.4s)
  [ep  217/300] rank=3/5  score=  287.9  surv=329  eps=0.050  step=332881  buf=10000  reason=last_standing  ( 148.7s)
  [ep  218/300] rank=2/5  score=  238.8  surv=288  eps=0.050  step=333171  buf=10000  reason=last_standing  ( 149.1s)
  [ep  219/300] rank=3/5  score=  241.5  surv=265  eps=0.050  step=333438  buf=10000  reason=last_standing  ( 149.4s)
  [ep  220/300] rank=3/5  score=  530.0  surv=400  eps=0.050  step=333839  buf=10000  reason=max_ticks  ( 151.6s)
  [ep  221/300] rank=2/5  score=  493.8  surv=338  eps=0.050  step=334178  buf=10000  reason=last_standing  ( 151.9s)
  [ep  222/300] rank=2/5  score=  560.0  surv=400  eps=0.050  step=334579  buf=10000  reason=max_ticks  ( 152.3s)
  [ep  223/300] rank=4/5  score=  114.7  surv= 47  eps=0.050  step=334628  buf=10000  reason=last_standing  ( 152.5s)
  [ep  224/300] rank=3/5  score=  258.3  surv=333  eps=0.050  step=334963  buf=10000  reason=last_standing  ( 152.9s)
  [ep  225/300] rank=2/5  score=  430.0  surv=400  eps=0.050  step=335364  buf=10000  reason=max_ticks  ( 155.0s)
  [ep  226/300] rank=3/5  score=  206.2  surv=312  eps=0.050  step=335678  buf=10000  reason=max_ticks  ( 155.5s)
  [ep  227/300] rank=2/5  score=  580.0  surv=400  eps=0.050  step=336079  buf=10000  reason=max_ticks  ( 155.9s)
  [ep  228/300] rank=3/5  score=  160.4  surv=254  eps=0.050  step=336335  buf=10000  reason=last_standing  ( 156.2s)
  [ep  229/300] rank=2/5  score=  685.0  surv=400  eps=0.050  step=336736  buf=10000  reason=max_ticks  ( 156.6s)
  [ep  230/300] rank=1/5  score=  560.2  surv=352  eps=0.050  step=337089  buf=10000  reason=last_standing  ( 158.8s)
  [ep  231/300] rank=3/5  score=  297.7  surv=327  eps=0.050  step=337418  buf=10000  reason=max_ticks  ( 159.2s)
  [ep  232/300] rank=2/5  score=  760.0  surv=400  eps=0.050  step=337819  buf=10000  reason=max_ticks  ( 159.6s)
  [ep  233/300] rank=3/5  score=  263.3  surv=283  eps=0.050  step=338104  buf=10000  reason=last_standing  ( 159.9s)
  [ep  234/300] rank=4/5  score=  168.3  surv=208  eps=0.050  step=338314  buf=10000  reason=max_ticks  ( 160.2s)
  [ep  235/300] rank=1/5  score=  419.8  surv=273  eps=0.050  step=338589  buf=10000  reason=last_standing  ( 162.3s)
  [ep  236/300] rank=2/5  score=  515.0  surv=400  eps=0.050  step=338990  buf=10000  reason=max_ticks  ( 162.7s)
  [ep  237/300] rank=2/5  score=  449.9  surv=399  eps=0.050  step=339391  buf=10000  reason=last_standing  ( 163.1s)
  [ep  238/300] rank=1/5  score=  481.5  surv=315  eps=0.050  step=339707  buf=10000  reason=last_standing  ( 163.4s)
  [ep  239/300] rank=2/5  score=  485.0  surv=400  eps=0.050  step=340108  buf=10000  reason=max_ticks  ( 163.8s)
  [ep  240/300] rank=2/5  score=  750.0  surv=400  eps=0.050  step=340509  buf=10000  reason=max_ticks  ( 166.0s)
  [ep  241/300] rank=1/5  score=  675.0  surv=400  eps=0.050  step=340910  buf=10000  reason=max_ticks  ( 166.4s)
  [ep  242/300] rank=2/5  score=  392.0  surv=320  eps=0.050  step=341232  buf=10000  reason=last_standing  ( 166.8s)
  [ep  243/300] rank=1/5  score=  494.8  surv=248  eps=0.050  step=341481  buf=10000  reason=last_standing  ( 167.0s)
  [ep  244/300] rank=1/5  score=  604.9  surv=399  eps=0.050  step=341881  buf=10000  reason=last_standing  ( 167.4s)
  [ep  245/300] rank=2/5  score=  540.0  surv=400  eps=0.050  step=342282  buf=10000  reason=max_ticks  ( 169.6s)
  [ep  246/300] rank=2/5  score=  700.0  surv=400  eps=0.050  step=342683  buf=10000  reason=max_ticks  ( 169.9s)
  [ep  247/300] rank=1/5  score=  900.0  surv=400  eps=0.050  step=343084  buf=10000  reason=max_ticks  ( 170.3s)
  [ep  248/300] rank=2/5  score=  352.9  surv=179  eps=0.050  step=343265  buf=10000  reason=last_standing  ( 170.6s)
  [ep  249/300] rank=3/5  score=  379.9  surv=199  eps=0.050  step=343466  buf=10000  reason=max_ticks  ( 170.9s)
  [ep  250/300] rank=3/5  score=  272.1  surv=271  eps=0.050  step=343739  buf=10000  reason=last_standing  ( 172.9s)
  [ep  251/300] rank=3/5  score=  137.7  surv= 52  eps=0.050  step=343793  buf=10000  reason=last_standing  ( 173.0s)
  [ep  252/300] rank=3/5  score=  283.1  surv=281  eps=0.050  step=344076  buf=10000  reason=max_ticks  ( 173.4s)
  [ep  253/300] rank=3/5  score=  284.0  surv=290  eps=0.050  step=344368  buf=10000  reason=max_ticks  ( 173.7s)
  [ep  254/300] rank=2/5  score=  362.2  surv=322  eps=0.050  step=344692  buf=10000  reason=last_standing  ( 174.0s)
  [ep  255/300] rank=3/5  score=  171.2  surv=212  eps=0.050  step=344906  buf=10000  reason=last_standing  ( 176.0s)
  [ep  256/300] rank=3/5  score=  190.2  surv=202  eps=0.050  step=345110  buf=10000  reason=max_ticks  ( 176.3s)
  [ep  257/300] rank=1/5  score=  890.0  surv=400  eps=0.050  step=345511  buf=10000  reason=max_ticks  ( 176.7s)
  [ep  258/300] rank=2/5  score=  540.0  surv=400  eps=0.050  step=345912  buf=10000  reason=max_ticks  ( 177.1s)
  [ep  259/300] rank=2/5  score=  429.0  surv=390  eps=0.050  step=346304  buf=10000  reason=last_standing  ( 177.5s)
  [ep  260/300] rank=2/5  score=  292.4  surv=274  eps=0.050  step=346580  buf=10000  reason=last_standing  ( 179.8s)
  [ep  261/300] rank=3/5  score=  280.9  surv=159  eps=0.050  step=346741  buf=10000  reason=last_standing  ( 180.0s)
  [ep  262/300] rank=2/5  score=  775.0  surv=400  eps=0.050  step=347142  buf=10000  reason=max_ticks  ( 180.5s)
  [ep  263/300] rank=4/5  score=  219.8  surv=198  eps=0.050  step=347342  buf=10000  reason=max_ticks  ( 180.8s)
  [ep  264/300] rank=2/5  score=  540.0  surv=400  eps=0.050  step=347743  buf=10000  reason=max_ticks  ( 181.2s)
  [ep  265/300] rank=2/5  score=  312.1  surv=321  eps=0.050  step=348066  buf=10000  reason=last_standing  ( 183.3s)
  [ep  266/300] rank=2/5  score=  525.0  surv=400  eps=0.050  step=348467  buf=10000  reason=max_ticks  ( 183.7s)
  [ep  267/300] rank=1/5  score= 1164.2  surv=392  eps=0.050  step=348860  buf=10000  reason=last_standing  ( 184.1s)
  [ep  268/300] rank=1/5  score=  750.4  surv=304  eps=0.050  step=349165  buf=10000  reason=last_standing  ( 184.4s)
  [ep  269/300] rank=2/5  score=  237.0  surv=270  eps=0.050  step=349437  buf=10000  reason=last_standing  ( 184.7s)
  [ep  270/300] rank=3/5  score=  248.1  surv=281  eps=0.050  step=349720  buf=10000  reason=last_standing  ( 186.8s)
  [ep  271/300] rank=2/5  score=  232.9  surv=279  eps=0.050  step=350001  buf=10000  reason=last_standing  ( 187.1s)
  [ep  272/300] rank=2/5  score=  805.0  surv=400  eps=0.050  step=350402  buf=10000  reason=max_ticks  ( 187.7s)
  [ep  273/300] rank=1/5  score=  660.2  surv=302  eps=0.050  step=350705  buf=10000  reason=last_standing  ( 188.4s)
  [ep  274/300] rank=2/5  score=  347.9  surv=329  eps=0.050  step=351036  buf=10000  reason=last_standing  ( 189.3s)
  [ep  275/300] rank=2/5  score=  420.0  surv=400  eps=0.050  step=351437  buf=10000  reason=max_ticks  ( 191.8s)
  [ep  276/300] rank=3/5  score=  334.4  surv=344  eps=0.050  step=351783  buf=10000  reason=max_ticks  ( 192.2s)
  [ep  277/300] rank=3/5  score=  282.7  surv=327  eps=0.050  step=352112  buf=10000  reason=last_standing  ( 192.6s)
  [ep  278/300] rank=3/5  score=  142.1  surv=171  eps=0.050  step=352285  buf=10000  reason=last_standing  ( 192.8s)
  [ep  279/300] rank=2/5  score=  333.6  surv=336  eps=0.050  step=352623  buf=10000  reason=last_standing  ( 193.1s)
  [ep  280/300] rank=2/5  score=  920.0  surv=400  eps=0.050  step=353024  buf=10000  reason=max_ticks  ( 195.3s)
  [ep  281/300] rank=3/5  score=  167.6  surv=226  eps=0.050  step=353252  buf=10000  reason=last_standing  ( 195.6s)
  [ep  282/300] rank=1/5  score=  470.6  surv=156  eps=0.050  step=353409  buf=10000  reason=last_standing  ( 195.7s)
  [ep  283/300] rank=2/5  score=  755.0  surv=400  eps=0.050  step=353810  buf=10000  reason=max_ticks  ( 196.2s)
  [ep  284/300] rank=2/5  score=  560.0  surv=400  eps=0.050  step=354211  buf=10000  reason=max_ticks  ( 196.6s)
  [ep  285/300] rank=2/5  score=  688.6  surv=286  eps=0.050  step=354499  buf=10000  reason=last_standing  ( 198.7s)
  [ep  286/300] rank=3/5  score=  565.0  surv=400  eps=0.050  step=354900  buf=10000  reason=max_ticks  ( 199.1s)
  [ep  287/300] rank=1/5  score=  825.0  surv=400  eps=0.050  step=355301  buf=10000  reason=max_ticks  ( 199.6s)
  [ep  288/300] rank=2/5  score=  215.2  surv=252  eps=0.050  step=355555  buf=10000  reason=last_standing  ( 199.9s)
  [ep  289/300] rank=1/5  score= 1258.3  surv=383  eps=0.050  step=355939  buf=10000  reason=last_standing  ( 200.3s)
  [ep  290/300] rank=1/5  score=  925.0  surv=400  eps=0.050  step=356340  buf=10000  reason=max_ticks  ( 202.4s)
  [ep  291/300] rank=2/5  score=  334.3  surv=243  eps=0.050  step=356585  buf=10000  reason=last_standing  ( 202.7s)
  [ep  292/300] rank=2/5  score=  685.0  surv=400  eps=0.050  step=356986  buf=10000  reason=max_ticks  ( 203.1s)
  [ep  293/300] rank=3/5  score=  585.0  surv=400  eps=0.050  step=357387  buf=10000  reason=max_ticks  ( 203.5s)
  [ep  294/300] rank=1/5  score=  779.5  surv=395  eps=0.050  step=357783  buf=10000  reason=last_standing  ( 203.9s)
  [ep  295/300] rank=3/5  score=  236.7  surv=267  eps=0.050  step=358052  buf=10000  reason=last_standing  ( 206.0s)
  [ep  296/300] rank=2/5  score=  646.5  surv=315  eps=0.050  step=358369  buf=10000  reason=last_standing  ( 206.3s)
  [ep  297/300] rank=2/5  score=  760.0  surv=400  eps=0.050  step=358770  buf=10000  reason=max_ticks  ( 206.7s)
  [ep  298/300] rank=2/5  score=  214.6  surv=246  eps=0.050  step=359018  buf=10000  reason=last_standing  ( 207.0s)
  [ep  299/300] rank=3/5  score=  133.2  surv=232  eps=0.050  step=359252  buf=10000  reason=last_standing  ( 207.3s)
  [ep  300/300] rank=2/5  score=  423.0  surv=380  eps=0.050  step=359634  buf=10000  reason=last_standing  ( 209.5s)

======================================================================
  학습 완료
  로컬 저장 (버퍼 포함): /home/hangloss0331/loa-main/backend/battle_royale/bots/boss/trained_weights.json
  평균 순위: 2.26 / 5
  평균 점수: 449.9
  최종 epsilon: 0.050
  최종 step:    359634
  버퍼 크기:    10000
  총 소요:      210.7s
======================================================================
